0 начало игры
13 дали управление
16 обучение, линии
19 обучение, Lower Apartments
21 обучение, save crystal
22 обучение, мульт в Highhall
23 обучение, убили стражу
25 закончилось обучение, мульт Канализация Рабанастра
33 мульт
35 мульт
38,40 дали меню World Map, затем управление
45 поговорили с Miguelo
65 приняли охоту на Rogue Tomato
68 вышли через восточные ворота после сценки
78 убили помидорку
85 мульт, как приезжает Vayne
100 сценка после Vayne
105 дали управление, показали сообщение о разблокировке Lowtown и выхода из города
120 сценка после мульта с Dalan
125 поговорили с Masyua
130 присоединилась Penelo, дали управление
140 дали управление после сценки на выходе из Nomad Village
145 дали управление после диалога с Jinn
160 закончился квест по заряду Sunstone
170 Penelo ушла перед Dalan`s House
175 дали управление после сценки с Dalan
180 после сценки с повстанцами под замком
190 вошли в подвал дворца
200 дали управление
210 открыли секретный проход
215 вышли из секретного прохода
220 сценки в хранилище
225 мульт с попыткой побега
235 дали управление после присоединения Balthier и Fran
244 дали управление после обучения гамбитам
257 дали управление после того, как отбили Ashe от имперцев
260 присоединилась Ashe
265 убили 4xFlan
285 убили Firemane, началась сценка с арестом
290 сценка с Reks в кресле-каталке
301 сценка просыпания в Nalbina Dungeons/Stockade
303 дали управления
310 подобрали все конфискованное
312 сценка в Nalbina Dungeons/The Black Watch
315 вторая сценка в Nalbina Dungeons/The Black Watch
316 упали вниз с Basch
317 дали управление
319 получили Tube Fuse от Burrogh
321 вставили Tube Fuse в Power Relay
323 дали управление в Barheim Passage/Op Sector 29
333 дали управление после флэшбэка Basch
340 сценка на входе в Barheim Passage/Terminus No. 4
341 убили Mimic Queen
343 дали управление в Dalmasca Estersand/Passage Entrance
350 вернулись в Rabanastre после побега из тюрьмы, Fran и Balthier ушли
375 Dalan дал Sword of the Order
386 сценка с повстанцами в закутке в Lowtown за Balzac
390 присоединился Basch
400 сценка с Basch и сиротами у The Sandsea
420 присоединились Fran и Balthier
460 мульт с Strahl
520 мульт с прибытием в Bhujerba
546 дали управление
550 дали управление после сценки с присоединением Ламонта
580 сценка у входа в Lhusu Mines
610 сценка с Маркизом и Судьей в Lhusu Mines/Shaft Entry
645 побег от Ba'Gamnan
660 побили Ba'Gamnan
680 дали управление после сценки с Lamont, Penelo и прочих
710 дали управление после сценки, начинающей квест по привлечению внимания к Basch
720 сценки после квеста Notoriety
730 дали управление
800 сценка с Vayne в замке Rabanastre/Consul`s Chambers
830 мульт с посадкой в летающий автозак)
890 сценка с конвоем после сценки разборок Ashe и Basch
920 дали управление, присоединился Vossler
930 Vossler рассказывает о лазерных решетках
966 убили Judge
970 дали управление после присоединения Ashe
990 дали управление в Dreadnought Leviathan/Central Brig Access
1000 дали управление после сценки и присоединения Penelo
1090 сценка в Bhujerba/Aerodrome
1100 дали управление
1120 сценка в доке с побегом из Bhujerba
1130 мульт с прибытием Gabranth в Arcadia
1180 мульт с названием территории Dalmasca Westersand
1240 дали управление
1270 мульт с названием территории Ogir-Yensa Sandsea и пара сценок
1330 присоединился Vossler
1338 мульт с названием территории Nam-Yensa Sandsea
1342 запрос на сохранение перед входом в The Tomb of Raithwall/Valley of the Dead
1345 мульт с панорамой гробницы
1352 мульт с Гарудой
1355 мульт с подъемом на лестницу гробницы
1360 закончился мульт
1364 дали управление после телепортации в Гробницу
1372 убили вторую Demon Wall
1374 вошли в The Tomb of Raithwall/Royal Passage
1376 вошли в The Tomb of Raithwall/Cloister of Flame
1380 побили Belias, дали управление
1390 сценка в The Tomb of Raithwall/Chamber of First Light
1450 сценка с арестом на выходе
1460 отдали камень
1520 убили Vossler
1550 сценка с Ashe после сценки с Императором и сенатом
1560 после сценки с Раслером
1570 сценка на Базаре
1580 дали управление
1625 диалог с Гарифами на входе в деревню
1626 дали управление
1627 поговорили с Garif Elder
1628 поговорили с Supinelu у моста, открыли проход к самому большому вождю-)
1640 сценка с самым большим вождем
1650 дали управление на выходе из деревни
1658 сценка в Ozmone Plain/Sunlit Path
1660 мульт с судьями
1700 Fran открыла проход к Виерам
1740 сценка с Fran и Vaan на входе в деревню Виер
1745 сценка c названием территории Eruyt Village
1756 поговорили с Виера
1790 после сценки на выходе
1810 сценка у перехода в Henne Mines
1820 сценка с Mjrn в Henne Mines/Staging Shaft
1900 поговорили с Mjrn
1950 получили Lente's Tear
1973 сценка с паломниками и Larsa
1976 папа с сыном решили порешать сенат -)
1982 вошли в Mt Bur-Omisace
1984 вошли в Mt Bur-Omisace/Temple Approach
1986 мульт с панорамой храма Mt Bur-Omisace
1998 сценки про Вэйна, арест сената и судей
2000 сценка после, с Al-Cid 
2050 дали управление
2057 вошли в Stilshrine of Miriam/Ward of Measure
2100 убили Vinuskar
2150 побили Mateus
2200 дали меч
2250 мульт с флотом и горящим Bur-Omisace
2290 вошли в горящий Bur-Omisace
3000 убили судью Bergan
3050 дали управление
3070 сценка с муглами и воротами
3100 сценка с душеизлиянием Balthier
3120 запрос на сохранение при входе в Sochen Cave Palace
3130 дали управление на входе в Sochen Cave Palace
3150 побили Mandragoras
3200 побили Ahriman
3210 вошли в Old Archades/Alley of Low Whispers
3220 сценка с отвлечением стражи
3250 дали управление в Archades/Trant
3253 Balthier ушел
3255 начался квест по собирательству Chops
3260 переехали в Tsenoble
3300 вернулся Balthier
3330 поговорили с Jules
3350 дали управление в Draklor Laboratory/66th Floor
3355 корридор усыпан трупами
3400 получили Lab Access Card
3440 сценка на выходе из лифта на 70-м этаже



