SIZE|128
VAR|0|2|Unk_s0
VAR|2|2|Unk_s2
VAR|4|4|BonusHP
VAR|8|4|BonusMP
VAR|12|1|BonusSTR
VAR|13|1|BonusVIT
VAR|14|1|BonusMAG
VAR|15|1|BonusMDF
VAR|16|1|BonusAGI
VAR|17|1|BonusLCK
VAR|18|1|BonusEVA
VAR|19|1|BonusACC
VAR|20|4|CurrentAP
VAR|24|4|NextLvlAP
VAR|28|4|HP
VAR|32|4|MP
VAR|36|4|HPMax
VAR|40|4|MPMax
VAR|44|1|InParty
VAR|45|1|STR
VAR|46|1|VIT
VAR|47|1|MAG
VAR|48|1|MDF
VAR|49|1|AGI
VAR|50|1|ACC
VAR|51|1|EVA
VAR|52|1|LCK
VAR|53|1|Level
VAR|54|1|Dress
VAR|55|1|CanEquip
VAR|56|1|Garment
VAR|57|1|Unk_b57
VAR|58|2|Accessory1
VAR|60|2|Accessory2
VAR|62|2|Unk_s62
VAR|64|4|TotalFlee
VAR|68|4|TotalKill
VAR|72|4|TotalDeath
VAR|76|4|StatusMask
VAR|80|5|AutoAbilitiesMask
VAR|85|1|Unk_b85
VAR|86|1|Dress2
VAR|87|1|Unk_b87
VAR|88|2|Unk_s88
VAR|90|2|Unk_s90
VAR|92|2|Unk_s92
VAR|94|2|Unk_s94
VAR|96|2|Unk_s96
VAR|98|2|Unk_s98
VAR|100|2|Unk_s100
VAR|102|2|Unk_s102
VAR|104|2|Unk_s104
VAR|106|2|Unk_s106
VAR|108|2|Unk_s108
VAR|110|2|Unk_s110
VAR|112|2|Unk_s112
VAR|114|2|Unk_s114
VAR|116|2|Unk_s116
VAR|118|2|Unk_s118
VAR|120|2|CreatureId
VAR|122|1|Size
VAR|123|5|Unk_123
