SIZE|0x94

VAR|0|2|unk0
VAR|2|4|BaseHP
VAR|6|4|BaseMP
VAR|10|1|BaseSTR
VAR|11|1|BaseDEF
VAR|12|1|BaseMAG
VAR|13|1|BaseMDF
VAR|14|1|BaseAGI
VAR|15|1|BaseLCK
VAR|16|1|BaseEVA
VAR|17|1|BaseACC
VAR|18|4|APTotal
VAR|22|4|APCurrent
VAR|26|4|CurrentHP
VAR|30|4|CurrentMP
VAR|34|4|CurrentHPMax
VAR|38|4|CurrentMPMax
VAR|42|1|InParty
VAR|43|1|EquippedWeapon
VAR|44|1|EquippedArmor
VAR|45|1|CurrentSTR
VAR|46|1|CurrentDEF
VAR|47|1|CurrentMAG
VAR|48|1|CurrentMDF
VAR|49|1|CurrentAGI
VAR|50|1|CurrentLCK
VAR|51|1|CurrentEVA
VAR|52|1|CurrentACC
VAR|53|1|PoisonDamage
VAR|54|1|OverdriveMode
VAR|55|1|OverdriveGauge
VAR|56|1|OverdriveMax
VAR|57|1|SphereLevelCurrent
VAR|58|1|SphereLevelTotal // тупо количество операций перемещения по сетке, !!ограничено 101
VAR|59|13|AbilityMask
VAR|72|1|Unk72
VAR|73|1|Unk73
VAR|74|1|Unk74
VAR|75|1|Unk75
VAR|76|1|Unk76
VAR|77|1|Unk77
VAR|78|4|TotalBattles
VAR|82|4|TotalKills
VAR|86|4|TotalDeaths
VAR|90|4|TotalCriticalStriked
ARRAY20|94|2|OverdriveModesCounter[]
VAR|134|3|OverdrivesMask
VAR|137|9|Unk137
VAR|146|2|Unk146