SIZE|0x6900

VAR|0x00|16

VAR|0x10|4|UNK__BATTLESTUFF1|set to random then to zero on battle start
// 10: 0 => 176 (B0) битва с Klikk
// 10: 176 => 0 (00) битва с Klikk
// 11: 0 => 237 (ED) битва с Klikk
// 11: 237 => 0 (00) битва с Klikk
// 12: 0 => 128 (80) битва с Klikk
// 12: 128 => 0 (00) битва с Klikk
// 13: 0 => 16 (10) битва с Klikk
// 13: 16 => 0 (00) битва с Klikk

VAR|0x14|4|BATTLE__INTROTIMER|Battle intro coundown (in frames)|EBytesBlockType.Timer
// 14: 0 => 81 => 50 => 20 => 0 (00) битва с Klikk
// 14: 0 => 63 => 33 => 2 => 0 (00) пришла Рикку

VAR|0x18|1|UNK__18|18|EBytesBlockType.Flag
// 18: 0 => 1 (01) => 0 (00) первая битва с Piranha (trio) у подводной фабрики
// 18: 0 => 1 (01) => 0 (00) четвертая битва с Piranha в воде под обрывом в Besaid

VAR|0x19|23

// первый бой
// 1c: 0 => 128 (80)
// 1d: 0 => 45 (2D)
// 1e: 0 => 75 (4B)
// 1f: 0 => 8 (08)
// 20: 0 => 144 (90)
// 21: 0 => 197 (C5)
// 22: 0 => 75 (4B)
// 23: 0 => 8 (08)
// 24: 0 => 160 (A0)
// 25: 0 => 37 (25)
// 26: 0 => 76 (4C)
// 27: 0 => 8 (08)
// 28: 0 => 1 (01)

VAR|0x30|4|BATTLE__ENEMYCOUNTTOTAL|Enemies count in the Battle
VAR|0x34|4|BATTLE__ENEMYCOUNT34|Ordinal Enemies count in the Battle
VAR|0x38|4|BATTLE__ENEMYCOUNT38|Boss Enemies count in the Battle
VAR|0x3C|4|BATTLE__ENEMYCOUNT3C|Boss Parts count in the Battle
VAR|0x40|2|GENERAL__ROOM_IDX|rooms - unclear
VAR|0x42|2|GENERAL__PrevROOM_IDX|rooms - unclear
VAR|0x44|2|GENERAL__ROOMDESC_IDX|rooms - unclear
VAR|0x46|2|GENERAL__PrevROOMDESC_IDX|rooms - unclear


VAR|0x48|4
// 48: 0 => 1 (01) после мульта про Блицболл
// 48: 1 => 0 (00) увидели Аурона
// 48: 0 => 2 (02) спустились в трюм S.S. Likki, сценка с O'aka
// 48: 2 => 0 (00) дали управление
// 48: 0 => 2 (02) сценка в Dream Zanarkand после храма Kilika
// 48: 2 => 0 (00) сценка в Dream Zanarkand после храма Kilika
// 48: 0 => 2 (02) сценка в баре Люки при выгрузке комманд
// 48: 2 => 0 (00) выгрузка Besaid Aurochs
// 48: 0 => 2 (02) сценка в кафе в Люке
// 48: 2 => 1 (01) сценка в кафе в Люке
// 48: 1 => 2 (02) Мика по телевизору объявляет начало турнира
// 48: 2 => 0 (00) сцена переключилась на Мику

// 4a: 0 => 1 (01) увидели Аурона
// 4a: 1 => 0 (00) мост, идем за Ауроном
// 4a: 0 => 2 (02) дали управление после сценки в трюм S.S. Likki с O'aka
// 4a: 0 => 2 (02) сценка в Dream Zanarkand после храма Kilika
// 4a: 2 => 0 (00) закончились воспоминания Тидуса
// 4a: 0 => 2 (02) выгрузка Besaid Aurochs
// 4a: 2 => 0 (00) док 3
// 4a: 0 => 2 (02) сценка в кафе в Люке
// 4a: 2 => 1 (01) Мика по телевизору объявляет начало турнира
// 4a: 1 => 2 (02) сцена переключилась на Мику
// 4a: 2 => 0 (00) Вакка на поле

VAR|0x4C|1|GENERAL__AreaENTER|Area ENTER idx|EBytesBlockType.Flag
VAR|0x4D|1|GENERAL__AreaEXIT|Area EXIT idx|EBytesBlockType.Flag
VAR|0x4E|2|GENERAL__ROOM4E|Area Index 2|EBytesBlockType.Flag
// 0 (00) при запуске игры - прервали заставку
// 7 (07) `listen to my story`
// 81 (51) Dream Zanarkand
// 1 (01) Dream Zanarkand
// 88 (58) репортер рассказывает о Джекте
// 84 (54) толпа у входа в стадион
// 83 (53) после мульта про Блицболл
// 76 (4C) мост, идем за Ауроном
// 77 (4D) следующая зона после сферы сохранения
// 57 (39) мульт с переносом в Спиру
// 134 (86) после сценки с Джектом
// 0 (00) после сценки с Джектом
// 9 (09) ЗатопленныеРуины
// 10 (0A) вышли к сфере сохранения в ЗатопленныхРуинах
// 11 (0B) побили Geosgaeno
// 12 (0C) зашли в кмнату с потухшим костром
// 15 (0F) вошли в Руины-Каморка
// 14 (0E) вошли в Руины-Лестница
// 12 (0C) вернулись в Руины-Холл
// 6 (06) сценка `дома` с Ауроном
// 12 (0C) сценка закончилась
// 19 (13) на кораблике
// 0 (00) обучение Sphere Grid
// 20 (14) Тидус прыгает в воду
// 19 (13) Тидус прыгает в воду
// 20 (14) Тидус прыгает в воду
// 19 (13) вылезли обратно
// 66 (42) опустились в след.зону вдоль цепи
// 1 (01) опустились в след.зону вдоль цепи
// 23 (17) вплыли в зону с фабрикой
// 0 (00) вплыли в зону с фабрикой
// 24 (18) выплыли из фабрики
// 19 (13) плывет кораблик после подводной фабрики
// 30 (1E) третья зона, Besaid - Valley
// 33 (21) Besaid - Promontory                      // ROOM 67-71
// 31 (1F) Besaid - Ancient Road                    // ROOM 21-69
// 32 (20) Besaid - Warerfall Way                   // ROOM 22-70
// 29 (1D) Besaid - Crossroads                      // ROOM 20-67
// 26 (1A) Besaid - Beach                           // ROOM 70-65
// 25 (19) Besaid - Port                            // ROOM 70-65
// 30 (1E) Besaid - Valley                          // ROOM 41-68
// 34 (22) Besaid - Village Slope                   // ROOM 69-72
// 35 (23) Besaid Village                           // ROOM 17-75
// 39 (27) Besaid - House (Right-Down)              // ROOM 142-79
// 42 (2A) Besaid - House (Right-Center)            // ROOM 145-82
// 40 (28) Besaid - House (Right-Up)                // ROOM 143-80
// 37 (25) Besaid - Crusaders Lodge                 // ROOM 60-77
// 41 (29) Besaid - Shop                            // ROOM 144-81
// 43 (2B) Besaid - Great Hall                      // ROOM 84-85
// 45 (2D) Besaid - Monks' Chamber                  // ROOM 146-87
// 46 (2E) Besaid - Nuns' Chamber                   // ROOM 147-88
// 43 (2B) Besaid - Great Hall, после сна у Вакки   // ROOM 42-85
// 5 (05) Dream Zanarkand - причал                  // ROOM 191-14
// 44 (2C) Besaid - Trials                          // ROOM 122-86
// 47 (2F) комната перед Аэоном                     // ROOM 103-89
// 35 (23) Besaid Village, после Триала             // ROOM 83-75
// 36 (24) Besaid Village, ночь                     // ROOM 100-76
// 38 (26) Besaid - Crusaders Lodge, ночь           // ROOM 68-78
// 25 (19) Besaid - Port, во сне                    // ROOM 252-65
// 28 Besaid - Beach                                // ROOM 19-66
// 27 Besaid - Port                                 // ROOM 19-66
// 49 S.S. Likki - Deck                             // ROOM 301-95
// 52 S.S. Likki - Bridge                           // ROOM 154-98
// 53 S.S. Likki - Corridor                         // ROOM 148-99
// 55 S.S. Likki - Power Room                       // ROOM 150-103
// 54 S.S. Likki - Cabin                            // ROOM 149-102
// 51 S.S. Likki -                                  // ROOM 61-97
// 58 Битва под водой                               // ROOM 282-106
// 57 // ROOM 220-105
// 59 ROOM 139-115
// 60 Kilika - Dock                                 // ROOM 43-116
// 64 Kilika - Ruined Square                        // ROOM 53-125
// 66 Kilika - Inn                                  // ROOM 152-127
// 65 Kilika - Residental Area                      // ROOM 46-126
// 61 Kilika - Dock                                 // ROOM 16-116
// 63 Kilika - Tavern                               // ROOM 151-124
// 68 Kilika - House                                // ROOM 293-129
// 61 Kilika - Dock                                 // ROOM 16-117
// 70 Kilika - Woods                                // ROOM 18-131
// 73 Kilika - Pilgrimage Road                      // ROOM 65-132
// 75 Kilika Temple                                 // ROOM 78-134
// 76 Kilika - Great Hall                           // ROOM 96-135
// 79 Kilika - Lift                                 // ROOM 44-138
// 80 Kilika - Trials                               // ROOM 108-139
// 81 Kilika - Antechamber                          // ROOM 45-140
// 78 Kilika - Monks' Chamber (Right)               // ROOM 156-137
// 77 Kilika - Monks' Chamber (Left)                // ROOM 155-136
// 1 Dream Zanarkand                                // ROOM 297-10
// 61 Kilika - Dock (embark)                        // ROOM 16-117
// 85 S.S. Winno - Deck                             // ROOM 94-147
// 90 S.S. Winno - Cabin                            // ROOM 167-152
// 87 S.S. Winno - Corridor                         // ROOM 237-149
// 91 S.S. Winno - Power Room                       // ROOM 168-153
// 92 S.S. Winno - Bridge                           // ROOM 169-154
// 5 Dream Zanarkand (маленький Тидус с мячом)      // ROOM 191-14
// 95 Luca - Number 2 Dock                          // ROOM 267-167
// 346                                              // ROOM 377-193
// 96 Luca - Number 3 Dock                          // ROOM 268-168
// 106 Stadium - Basement A                         // ROOM 72-178
// 101  видимо, поле Блицболла                      // ROOM 255-173
// 107 Stadium - Locker Room                        // ROOM 72-178
// 93 Luca Stadium - Main Gate                      // ROOM 123-165
// 108 Stadium - Basement B                         // ROOM 73-179
// 98 Luca - Number 5 Dock                          // ROOM 89-170
// 97 Luca - Number 4 Dock                          // ROOM 88-169
// 96 Luca - Number 3 Dock                          // ROOM 87-168
// 95 Luca - Number 2 Dock                          // ROOM 86-167
// 94 Luca - Number 1 Dock                          // ROOM 85-166
// 110 Luca - Bridge                                // ROOM 77-183
// 102 Theater                                      // ROOM 157-174
// 103 Theater - Entrance                           // ROOM 170-175
// 104 Theater - Reception                          // ROOM 158-176
// 105 Theater - Main Hall                          // ROOM 184-177
// 112 Luca - Square                                // ROOM 104-186
// 115 Luca - City Limits                           // ROOM 107-191
// 100                                              // ROOM 57-172
// 101 видимо, поле Блицболла                       // ROOM 121-173
// 113 кафе?                                        // ROOM 159-189
// 109                                              // ROOM 299-180
// 21 палуба корабля Аль-Бедов (Oblitzerator)       // ROOM 113-52
// 117 Highroad - South End                         // ROOM 95-210
// 126 Highroad - South                             // ROOM 120-217
// 127 Highroad - Central                           // ROOM 127-218
// 119 Highroad - Agency, Front                     // ROOM 58-212





VAR|0x50|2|null|Game camera mode // ракурс камеры
// 50: 0 => 3 (03) третья зона, Besaid - Valley
// 50: 3 => 0 (00) спрыгнули с обрыва в воду
// 50: 0 => 3 (03) Besaid - Valley из Crossroads
// 50: 3 => 0 (00) Besaid - Crossroads из Valley

VAR|0x52|1|UNK__52|52|EBytesBlockType.Flag
// 52: 15 => 0 (00) при запуске игры - прервали заставку
// 52: 0 => 15 (0F) мост, идем за Ауроном
// 52: 15 => 0 (00) догнали Аурона
// 52: 0 => 15 (0F) следующая зона после сферы сохранения
// 52: 15 => 0 (00) мульт с переносом в Спиру
// 52: 0 => 15 (0F) вышли к сфере сохранения в ЗатопленныхРуинах
// 52: 15 => 0 (00) побили Geosgaeno
// 52: 0 => 15 (0F) зашли в комнату с потухшим костром
// 52: 15 => 0 (00) вошли в Руины-Каморка
// 52: 0 => 15 (0F) вернулись в Руины-Холл
// 52: 15 => 0 (00) сценка `дома` с Ауроном
// 52: 0 => 15 (0F) опустились в след.зону вдоль цепи
// 52: 15 => 0 (00) выплыли из фабрики
// 52: 0 => 15 (0F) следующая зона от пляжа
// 52: 15 => 0 (00) сон в палатке Вакки
// 52: 0 => 15 (0F) проснулись в палатке Вакки
// 52: 15 => 0 (00) Besaid - Trials
// 52: 0 => 15 (0F) комната перед Аэоном, сценка
// 52: 15 => 0 (00) вернулись в Храм, снова сценка
// 52: 15 => 0 (00) очередная сценка 
// 52: 0 => 15 (0F) сценка ночью в гостинице
// 52: 15 => 0 (00) сон
// 52: 0 => 15 (0F) утро, вышли из Crusaders Lodge, сценка
// 52: 15 => 0 (00) дали управление
// 52: 0 => 15 (0F) сценка в Promontory

VAR|0x53|13

VAR|0x60|1|BATTLE__UNK60
// 60: 0 => 1 (01) первая битва
// 60: 1 => 0 (00) прорубились сквозь вторую битву, началась сценка перед 3-й битвой
// 60: 1 => 0 (00) победили третью битву
// 60: 1 => 0 (00) свалили танкер
// 60: 0 => 1 (01) третья битва
// 60: 1 => 0 (00) победили Ammes
// 60: 0 => 1 (01) 4-я битва
// 60: 0 => 1 (01) битва с первыми Сахагинами, очередная новая игра
// 60: 1 => 0 (00) победили вторую битву
// 60: 0 => 1 (01) битва с первыми Сахагинами
// 60: 1 => 0 (00) убили второго Сахагина, третий бежит от Geosgaeno
// 60: 1 => 0 (00) побили Geosgaeno
// 60: 1 => 0 (00) пришла Рикку
// 60: 0 => 1 (01) перед или в начале битвы с Сином на S.S. Likki
// 60: 1 => 0 (00) побили Сина
// 60: 0 => 1 (01) драка с Oblitzerator
// 60: 1 => 0 (00) побили Oblitzerator
// 60: 0 => 1 (01) обучение Аурону на Highroad - South End
// 60: 1 => 0 (00) закончилась Битва
// 60: 0 => 1 (01) Belgemine, первая встреча, согласились на битву, отключены комманды, окромя Summon и Escape
// 60: 1 => 0 (00) проиграли (и выиграли тоже) Ифриту Бельгемины
VAR|0x61|1|BATTLE__UNK61
// 61: 255 => 0 (00) первая битва
// 61: 255 => 0 (00) на кораблике
// 61: 0 => 255 (FF) обучение Sphere Grid
// 61: 0 => 1 (01) перед или в начале битвы с Сином на S.S. Likki
// 61: 1 => 5 (05) драка с Oblitzerator
// 61: 5 => 0 (00) обучение Аурону на Highroad - South End
VAR|0x62|1|BATTLE__UNK62
// 62: 255 => 1 (01) первая битва
// 62: 1 => 255 (FF) третья битва
// 62: 255 => 4 (04) перед или в начале битвы с Сином на S.S. Likki
// 62: 4 => 0 (00) драка с Oblitzerator
// 62: 0 => 4 (04) обучение Аурону на Highroad - South End
VAR|0x63|1|BATTLE__UNK63
// 63: 255 => 4 (04) первая битва
// 63: 4 => 255 (FF) третья битва
// 63: 255 => 0 (00) перед или в начале битвы с Сином на S.S. Likki
// 63: 0 => 3 (03) драка с Oblitzerator
// 63: 3 => 1 (01) обучение Аурону на Highroad - South End
// 63: 1 => 2 (02) Belgemine, первая встреча, согласились на битву, отключены комманды, окромя Summon и Escape
VAR|0x64|1|BATTLE__UNK64
// 64: 0 => 1 (01) первая битва
// 64: 0 => 1 (01) на кораблике
// 64: 1 => 0 (00) обучение Sphere Grid
// 64: 1 => 59 (3B) перед или в начале битвы с Сином на S.S. Likki
// 64: 59 => 41 (29) драка с Oblitzerator
// 64: 41 => 63 (3F) обучение Аурону на Highroad - South End
VAR|0x65|1|BATTLE__UNK65
VAR|0x66|1|BATTLE__UNK66
VAR|0x67|1|BATTLE__UNK67
VAR|0x68|1|UNK__FLAG68|Flag: under water (NO!)|EBytesBlockType.Flag // меняется во время сценок в воде
// 68: 0 => 1 => 0 ... меняется во время сценок в воде
// 68: 1 => 0 (00) убили второго Сахагина, третий бежит от Geosgaeno
// 68: 0 => 1 (01) убили второго Сахагина, третий бежит от Geosgaeno
// 68: 0 => 1 (01) Тидус прыгает в воду
// 68: 0 => 1 (01) Besaid, сценка ночью в гостинице
// 68: 1 => 0 (00) сон
// 68: 0 => 1 (01) проснулись
// 68: 1 => 0 (00) вышли из Crusaders Lodge, сценка


VAR|0x69|1|UNK__FLAG69|Flag: battle reward dialog (NO!)|EBytesBlockType.Flag
// 69: 0 => 1 (01) выплыли из фабрики, сценка с зажиганием прожекторов
// 69: 1 => 0 (00) плывет кораблик после подводной фабрики
// 69: 0 => 1 (01) убили первых Piranha в воде под обрывом в Besaid
// 69: 1 => 0 (00) закрыли диалоги награды
// 69: 0 => 1 (01) убили вторых Piranha в воде под обрывом в Besaid
// 69: 1 => 0 (00) закрыли диалоги награды
// 69: 0 => 1 (01) убили третьих Piranha в воде под обрывом в Besaid
// 69: 1 => 0 (00) закрыли диалоги награды
// 69: 0 => 1 (01) зашли в Besaid - Monks' Chamber
// 69: 0 => 1 (01) Besaid, сценка ночью в гостинице
// 69: 1 => 0 (00) сон
// 69: 0 => 1 (01) проснулись
// 69: 1 => 0 (00) вышли из Crusaders Lodge, сценка

VAR|0x6A|126
// 6a: 0 => 1 (01) обучение Sphere Grid

// 6b: 1 => 0 (00) новая игра

// 7c: 4 => 10 (0A) первый диалог с Ваккой на S.S. Likki
// 7c: 18 => 19 (13); (UInt16)18 => 19; (UInt32)18 => 19 воскресили Вакку?

// b1: 0 => 32 (20) первый диалог с Ваккой на S.S. Likki

// f4: 36 => 0 (00) новая игра
// f5: 2 => 0 (00) новая игра
// f6: 249 => 0 (00) новая игра

// f4: 0 => 36 (24) `listen to my story`
// f5: 0 => 2 (02) `listen to my story`
// f6: 0 => 249 (F9) `listen to my story`

// f4: 36 => 0 (00) Dream Zanarkand
// f5: 2 => 0 (00) Dream Zanarkand
// f6: 249 => 0 (00) Dream Zanarkand

// e8: 0 => 255 (FF) репортер рассказывает о Джекте
// e9: 0 => 255 (FF) репортер рассказывает о Джекте
// fa: 0 => 120 (78) репортер рассказывает о Джекте, в очередной игре не изменилось
// fb: 0 => 1 (01) репортер рассказывает о Джекте, в очередной игре не изменилось
// f4: 0 => 36 (24) репортер рассказывает о Джекте
// f5: 0 => 2 (02) репортер рассказывает о Джекте
// f6: 0 => 249 (F9) репортер рассказывает о Джекте

// f4: 36 => 0 (00) толпа у входа в стадион
// f5: 2 => 0 (00) толпа у входа в стадион
// f6: 249 => 0 (00) толпа у входа в стадион

// fa: 115 => 114 (72) после мульта про Блицболл, в очередной игре не изменилось
// e8: 255 => 165 (A5) мост, идем за Ауроном
// e9: 255 => 127 (7F) мост, идем за Ауроном
// f4: 0 => 36 (24) мост, идем за Ауроном
// f5: 0 => 2 (02) мост, идем за Ауроном
// f6: 0 => 249 (F9) мост, идем за Ауроном

// e8: 165 => 255 (FF) мульт с переносом в Спиру
// e9: 127 => 255 (FF) мульт с переносом в Спиру
// f4: 36 => 0 (00) мульт с переносом в Спиру
// f5: 2 => 0 (00) мульт с переносом в Спиру
// f6: 249 => 0 (00) мульт с переносом в Спиру

// fa: 128 => 129 (81)  после сценки с Джектом, в очередной игре не меняется
// f4: 0 => 104 (68) после сценки с Джектом
// f5: 0 => 2 (02) после сценки с Джектом
// f6: 0 => 117 (75) после сценки с Джектом
// f7: 0 => 2 (02) после сценки с Джектом

// fa: 129 => 48 (30) ЗатопленныеРуины, в очередной игре не меняется
// fb: 1 => 0 (00) ЗатопленныеРуины, в очередной игре не меняется
// f4: 104 => 102 (66) ЗатопленныеРуины
// f5: 2 => 1 (01) ЗатопленныеРуины
// f6: 117 => 172 (AC) ЗатопленныеРуины

// e8: 255 => 44 (2C) вышли к сфере сохранения в ЗатопленныхРуинах
// e9: 255 => 127 (7F) вышли к сфере сохранения в ЗатопленныхРуинах

// e8: 44 => 255 (FF) побили Geosgaeno
// e9: 127 => 255 (FF) побили Geosgaeno

// e8: 255 => 18 (12) вошли в Руины-Каморка
// e9: 255 => 127 (7F) вошли в Руины-Каморка

// e8: 255 => 18 (12) вошли в Руины-Лестница
// e9: 255 => 127 (7F) вошли в Руины-Лестница

// e8: 18 => 255 (FF) сценка `дома` с Ауроном
// e9: 127 => 255 (FF) сценка `дома` с Ауроном
// f4: 102 => 0 (00) сценка `дома` с Ауроном
// f5: 1 => 0 (00) сценка `дома` с Ауроном
// f6: 172 => 0 (00) сценка `дома` с Ауроном
// f7: 2 => 0 (00) сценка `дома` с Ауроном

// f4: 0 => 102 (66) сценка закончилась
// f5: 0 => 1 (01) сценка закончилась
// f6: 0 => 172 (AC) сценка закончилась
// f7: 0 => 2 (02) сценка закончилась

// f4: 102 => 105 (69) на кораблике
// f6: 172 => 200 (C8) на кораблике

// 84: 0 => 4 (04) Рикку учит SphereGrid
// 94: 0 => 128 (80) Рикку учит SphereGrid
// 84: 4 => 0 (00) Рикку учит SphereGrid
// 94: 128 => 0 (00) Рикку учит SphereGrid
// dc: 120 => 0 (00) Рикку учит SphereGrid
// dd: 217 => 0 (00) Рикку учит SphereGrid
// de: 7 => 0 (00) Рикку учит SphereGrid
// df: 193 => 0 (00) Рикку учит SphereGrid
// e3: 128 => 0 (00) Рикку учит SphereGrid
// e4: 106 => 0 (00) Рикку учит SphereGrid
// e5: 190 => 0 (00) Рикку учит SphereGrid
// e6: 241 => 0 (00) Рикку учит SphereGrid
// e7: 191 => 0 (00) Рикку учит SphereGrid
// e8: 255 => 0 (00) Рикку учит SphereGrid
// e9: 255 => 0 (00) Рикку учит SphereGrid
// f4: 105 => 0 (00) Рикку учит SphereGrid
// f5: 1 => 0 (00) Рикку учит SphereGrid
// f6: 200 => 0 (00) Рикку учит SphereGrid
// f7: 2 => 0 (00) Рикку учит SphereGrid
// e8: 255 => 31 (1F) вплыли в зону с фабрикой
// e9: 255 => 127 (7F) вплыли в зону с фабрикой

// 84: 4 => 8 (08) savesphere в фабрике
// 94: 128 => 129 (81) savesphere в фабрике

// e8: 31 => 18 (12) выплыли из фабрики, сценка с зажиганием прожекторов

// e8: 18 => 255 (FF) плывет кораблик после подводной фабрики
// e9: 127 => 255 (FF) плывет кораблик после подводной фабрики

// f4: 105 => 245 (F5) Тидуса смыло в море
// f6: 200 => 235 (EB) Тидуса смыло в море

// e8: 255 => 39 (27) третья зона, Besaid - Valley
// e9: 255 => 127 (7F) третья зона, Besaid - Valley

// e9: 127 => 0 (00) сценки перед деревней Besaid
// e9: 0 => 96 (60) Besaid - Promontory

// e8: 39 => 255 (FF) Besaid - Crossroads из Beach
// e9: 96 => 255 (FF) Besaid - Crossroads из Beach

// e8: 255 => 39 (27) Besaid - Valley из Crossroads
// e9: 255 => 127 (7F) Besaid - Valley из Crossroads

// e9: 64 => 127 (7F) вышли из Crusaders Lodge в деревню

// e8: 22 => 149 (95) вошли в Besaid - Monks' Chamber
// e9: 127 => 64 (40) вошли в Besaid - Monks' Chamber

// e8: 22 => 149 (95) бегаем по деревне
// e8: 149 => 22 (16) бегаем по деревне

// e9: 127 => 64 (40) вышли из палатки Crusaders после разговора

// e8: 149 => 22 (16) вышли из храма в деревню
// e9: 64 => 127 (7F) вышли из храма в деревню

// e8: 22 => 149 (95) вышли из храма в деревню
// e8: 149 => 22 (16) из деревни в палатку Вакки

// 7c: 0 => 2 (02) диалог с Ваккой перед сном
// 9e: 0 => 2 (02) диалог с Ваккой перед сном

// e8: 22 => 255 (FF) сон в палатке Вакки
// e9: 127 => 255 (FF) сон в палатке Вакки
// f4: 245 => 0 (00) сон в палатке Вакки
// f5: 1 => 0 (00) сон в палатке Вакки
// f6: 235 => 0 (00) сон в палатке Вакки
// f7: 2 => 0 (00) сон в палатке Вакки

// f4: 0 => 245 (F5) проcнулись в палатке Вакки
// f5: 0 => 1 (01) проcнулись в палатке Вакки
// f6: 0 => 235 (EB) проcнулись в палатке Вакки
// f7: 0 => 2 (02) проcнулись в палатке Вакки

// e8: 255 => 22 (16) вышли в деревню после проcыпания в палатке Вакки
// e9: 255 => 127 (7F) вышли в деревню после проcыпания в палатке Вакки

// e8: 22 => 255 (FF) Besaid - Trials
// e9: 127 => 255 (FF) Besaid - Trials

// e8: 255 => 156 (9C) комната перед Аэоном
// e9: 255 => 127 (7F) комната перед Аэоном

// e8: 156 => 255 (FF) снова в храме
// e9: 127 => 255 (FF) снова в храме

// e8: 255 => 149 (95) Nuns' Chamber
// e9: 255 => 127 (7F) Nuns' Chamber

// e8: 149 => 255 (FF) Besaid, сценка ночью
// e9: 127 => 255 (FF) Besaid, сценка ночью

// 70: 0 => 8 (08) выбрали "yes" на вопрос Вакки о Юне

// 7c: 2 => 4 (04) Вакка предлагает спать ночью
// 98: 0 => 16 (10) Вакка предлагает спать ночью

// e8: 255 => 136 (88) Besaid - Village Slope 
// e9: 255 => 64 (40) Besaid - Village Slope

// e8: 136 => 39 (27) Besaid - Promontory
// e9: 64 => 127 (7F) Besaid - Promontory

// e8: 39 => 22 (16) вернулись с улицы в магазин
// e8: 22 => 39 (27) сбегали за деревню и обратно

// 80: 0 => 1 (01) воскресили Лулу

// e8: 136 => 39 (27) вышли на пляж для посадки на S.S. Likki
// e8: 39 => 136 (88) вернулись в Crossroads

// f4: 245 => 14 (0E) сценка отплытия на S.S. Likki
// f5: 1 => 2 (02) сценка отплытия на S.S. Likki
// f6: 235 => 243 (F3) сценка отплытия на S.S. Likki

// e8: 136 => 128 (80) вошли в рубку S.S. Likki
// e9: 127 => 0 (00)

// e8: 128 => 255 (FF) S.S. Likki диалог с Юной перед нападением Сина
// e9: 0 => 255 (FF) S.S. Likki диалог с Юной перед нападением Сина

// f4: 14 => 248 (F8) битва с Sinspawn Echuilles
// f5: 2 => 1 (01) битва с Sinspawn Echuilles
// f6: 243 => 195 (C3) битва с Sinspawn Echuilles

// f4: 248 => 23 (17) спускаемся с корабля в Килике
// f5: 1 => 2 (02) спускаемся с корабля в Килике
// f6: 195 => 202 (CA) спускаемся с корабля в Килике

// e8: 15 => 255 (FF) перешли в Kilika - Ruined Square
// e9: 127 => 255 (FF) перешли в Kilika - Ruined Square

// f4: 23 => 18 (12) вошли в Kilika Woods
// f6: 202 => 207 (CF) вошли в Kilika Woods

// e8: 22 => 255 (FF) вышли на лестницу в Kilika Woods, сценка
// e9: 127 => 255 (FF) вышли на лестницу в Kilika Woods, сценка
// f6: 207 => 210 (D2) вышли на лестницу в Kilika Woods, сценка

// 80: 0 => 4 (04) все Лулу: `kids...`
// 94: 129 => 131 (83) все Лулу: `kids...`

// f6: 210 => 207 (CF) вернулись в лес
// f6: 210 => 207 (CF) снова на лестницу

// e8: 255 => 149 (95) следующая зона, сценка
// e9: 255 => 127 (7F) следующая зона, сценка

// 70: 8 => 12 (0C) диалог в храме у молящегося Вакка
// 98: 16 => 17 (11) диалог в храме у молящегося Вакка

// e8: 149 => 23 (17) вошли в Kilika - Trials

// e9: 127 => 0 (00) вышли в святилищу в Kilika - Trials

// 80: 4 => 8 (08) поговорили с Лулу
// 91: 0 => 32 (20) поговорили с Лулу

// e8: 23 => 149 (95) вышли из храма
// e9: 0 => 127 (7F) вышли из храма

// f4: 18 => 0 (00) сценка в Dream Zanarkand после храма Kilika
// f5: 2 => 0 (00) сценка в Dream Zanarkand после храма Kilika
// f6: 210 => 0 (00) сценка в Dream Zanarkand после храма Kilika
// f7: 2 => 0 (00) сценка в Dream Zanarkand после храма Kilika

// f4: 0 => 18 (12) закончились воспоминания Тидуса
// f5: 0 => 2 (02) закончились воспоминания Тидуса
// f6: 0 => 210 (D2) закончились воспоминания Тидуса
// f7: 0 => 2 (02) закончились воспоминания Тидуса

// f6: 210 => 207 (CF) вышли обратно в лес

// e8: 255 => 139 (8B) вернулись в деревню Kilika
// e9: 255 => 127 (7F) вернулись в деревню Kilika
// f4: 18 => 23 (17) вернулись в деревню Kilika
// f6: 207 => 202 (CA) вернулись в деревню Kilika

// e8: 22 => 255 (FF) погрузились на S.S. Winno
// e9: 127 => 255 (FF) погрузились на S.S. Winno
// f4: 23 => 39 (27) погрузились на S.S. Winno
// f6: 202 => 195 (C3) погрузились на S.S. Winno

// e8: 255 => 161 (A1) Тидус в трюме
// e9: 255 => 127 (7F) Тидус в трюме

// 70: 12 => 16 (10) сценка с Юной и толпой на S.S. Winno

// 78: 0 => 2 (02) Kimahri молчит
// 97: 0 => 64 (40) Kimahri молчит

// 70: 16 => 20 (14) диалог с Юной

// 7c: 10 => 14 (0E) четвертое подслушивание Лулу и Вакку на S.S. Winno
// 80: 8 => 12 (0C) четвертое подслушивание Лулу и Вакку на S.S. Winno

// 7c: 14 => 18 (12) Вакка шлет спать
// 7c: 14 => 18 (12) Лулу не хочет разговаривать

// e9: 0 => 48 (30) маленький Тидус с мячом
// f4: 39 => 0 (00) маленький Тидус с мячом
// f5: 2 => 0 (00) маленький Тидус с мячом
// f6: 195 => 0 (00) маленький Тидус с мячом
// f7: 2 => 0 (00) маленький Тидус с мячом

// f4: 0 => 39 (27) вернулись в настоящее
// f5: 0 => 2 (02) вернулись в настоящее
// f6: 0 => 195 (C3) вернулись в настоящее
// f7: 0 => 2 (02) вернулись в настоящее

// e8: 161 => 143 (8F) сценка на S.S. Winno после Jecht Shot
// e9: 48 => 127 (7F) сценка на S.S. Winno после Jecht Shot
// ea: 0 => 108 (6C) сценка на S.S. Winno после Jecht Shot
// eb: 0 => 128 (80) сценка на S.S. Winno после Jecht Shot
// f6: 195 => 181 (B5) сценка на S.S. Winno после Jecht Shot

// ea: 0 => 107 (6B) вошли в Number 1 Dock
// eb: 0 => 128 (80) вошли в Number 1 Dock

// ea: 107 => 0 (00) ушли из Number 1 Dock
// eb: 128 => 0 (00) ушли из Number 1 Dock

// ea: 0 => 115 (73) вошли в кафе
// eb: 0 => 128 (80) вошли в кафе

// e8: 147 => 255 (FF) сцена переключилась на Мику
// e9: 127 => 255 (FF) сцена переключилась на Мику
// ea: 115 => 0 (00) сцена переключилась на Мику
// eb: 128 => 0 (00) сцена переключилась на Мику

// e8: 255 => 24 (18) Вакка в воде
// e9: 255 => 127 (7F) Вакка в воде

// e8: 10 => 255 (FF) блицбол
// e9: 127 => 255 (FF) блицбол
// ea: 117 => 0 (00) блицбол
// eb: 128 => 0 (00) блицбол

// f4: 39 => 31 (1F) уходим из Люки
// f6: 181 => 174 (AE) уходим из Люки

VAR|0xE8|2|UNK__e8|Unk 0xe8-0xe9
VAR|0xEA|10
VAR|0xF4|4|UNK__f4|Unk 0xf4-0xf7

VAR|0xF8|1|GENERAL__AreaENTER3|Area ENTER idx|EBytesBlockType.Flag

VAR|0xF9|1

VAR|0xFA|2|GENERAL__ROOM_IDX3|rooms - unclear
VAR|0xFC|4|GENERAL__PlayTime|PlayTime|EBytesBlockType.Timer
VAR|0x100|2|GENERAL__ROOM_IDX2|rooms - unclear
VAR|0x102|2|GENERAL__PrevROOM_IDX2|rooms - unclear
VAR|0x104|2|GENERAL__ROOMDESC_IDX2|rooms - unclear
VAR|0x106|2|GENERAL__PrevROOMDESC_IDX2|rooms - unclear

VAR|0x108|4

// 10a: 0 => 1 (01) сценка в Power Room S.S. Likki
// 10a: 1 => 0 (00) вышли из Power Room
// 10a: 0 => 2 (02) выгрузка Besaid Aurochs
// 10a: 2 => 0 (00) док 3
// 10a: 0 => 2 (02) сцена переключилась на Мику
// 10a: 2 => 0 (00) Вакка в воде


VAR|0x10C|1|GENERAL__AreaENTER2|Area ENTER idx|EBytesBlockType.Flag

VAR|0x10D|1

VAR|0x10E|1|GENERAL__AreaEXIT2|Area EXIT idx|EBytesBlockType.Flag

VAR|0x10F|8

// 110: 2 => 3 (03) сбежали от Geosgaeno
// 110: 3 => 2 (02) убили Klikk
// 110: 2 => 4 (04); (UInt16)258 => 260; (UInt32)258 => 260 проиграли Ифриту Бельгемины
// 110: 4 => 2 (02); (UInt16)260 => 258; (UInt32)260 => 258
// 110: 2 => 3 (03); (UInt16)258 => 259; (UInt32)258 => 259 сбежали из битвы
// при очередном побеге не изменилось...
// 110: 3 => 2 (02); (UInt16)259 => 258; (UInt32)259 => 258 убили очердной пак


// 111: 0 => 1 (01) пришла Рикку
// 111: 1 => 0 (00) => 1 плывет кораблик после подводной фабрики


// 114: 0 => 71 (47) после сохранения после смыва в море
// 115: 0 => 1 (01) после сохранения после смыва в море
// 116: 0 => 1 (01) после сохранения после смыва в море

// 114: 71 => 72 (48) диалог сохранения после удачного Jecht Shot
// 116: 0 => 1 (01) диалог сохранения после удачного Jecht Shot
// 116: 1 => 0 (00) сохранились

// 114: 72 => 73 (49) диалог сохранения в Люке после встречи Мики и Сеймура
// 116: 0 => 1 (01) диалог сохранения в Люке после встречи Мики и Сеймура
// 116: 1 => 0 (00) сохранились

// 114: 73 => 78 (4E) диалог сохранения в Люке после Блицбола
// 116: 0 => 1 (01) диалог сохранения в Люке после Блицбола
// 116: 1 => 0 (00) сохранились




VAR|0x117|1|UNK__117|117|EBytesBlockType.Flag
// 117: 0 => 1 (01) вышли к сфере сохранения в ЗатопленныхРуинах
// 117: 1 => 0 (00) сбежали от Geosgaeno
// 117: 0 => 1 (01) плывет кораблик
// 117: 1 => 0 (00) вторая зона по пути на фабрику
// 117: 0 => 1 (01) вплыли в зону с фабрикой
// 117: 1 => 0 (00) выплыли
// 117: 0 => 1 (01) на корабле (Рикку есть принесла)
// 117: 1 => 0 (00) Тидуса смыло в море
// 117: 0 => 1 (01) третья зона, Besaid - Valley
// 117: 1 => 0 (00) сценки перед деревней Besaid
// 117: 0 => 1 (01) Besaid - Valley из Crossroads
// 117: 1 => 0 (00) Besaid - Crossroads из Valley

VAR|0x118|16
// 118: 0 => 107 (6B) сценка на S.S. Winno после провала Jecht Shot
// 118: 107 => 255 (FF)  выгрузка Besaid Aurochs
// 118: 255 => 106 (6A) вошли в Number 1 Dock
// 118: 106 => 255 (FF) ушли из Number 1 Dock
// 118: 255 => 114 (72) вошли в кафе
// 118: 114 => 255 (FF) сцена переключилась на Мику // сдается мне, как-то связано с экранами

// 119: 0 => 255 (FF) выгрузка Besaid Aurochs
// 119: 255 => 0 (00) вошли в Number 1 Dock
// 119: 0 => 255 (FF) ушли из Number 1 Dock
// 119: 255 => 0 (00) вошли в кафе
// 119: 0 => 255 (FF) сцена переключилась на Мику // сдается мне, как-то связано с экранами

// 11a: 0 => 255 (FF) выгрузка Besaid Aurochs
// 11a: 255 => 0 (00) вошли в Number 1 Dock
// 11a: 0 => 255 (FF) ушли из Number 1 Dock
// 11a: 255 => 0 (00) вошли в кафе
// 11a: 0 => 255 (FF) сцена переключилась на Мику // сдается мне, как-то связано с экранами

// 11b: 0 => 255 (FF) выгрузка Besaid Aurochs
// 11b: 255 => 0 (00) вошли в Number 1 Dock
// 11b: 0 => 255 (FF) ушли из Number 1 Dock
// 11b: 255 => 0 (00) вошли в кафе
// 11b: 0 => 255 (FF) сцена переключилась на Мику // сдается мне, как-то связано с экранами

// 11c: 0 => 128 (80) сценка на S.S. Winno после провала Jecht Shot
// 11d: 0 => 8 (08) сценка на S.S. Winno после провала Jecht Shot

// 120: 0 => 1 (01) сценка на S.S. Winno после провала Jecht Shot
// 120: 1 => 6 (06) выгрузка Besaid Aurochs
// 120: 6 => 0 (00) выгрузка Besaid Aurochs
// 120: 0 => 1 (01) вошли в Number 1 Dock
// 120: 1 => 6 (06) ушли из Number 1 Dock
// 120: 6 => 0 (00) ушли из Number 1 Dock
// 120: 0 => 1 (01) вошли в кафе
// 120: 1 => 6 (06) сцена переключилась на Мику // сдается мне, как-то связано с экранами
// 120: 6 => 0 (00) сцена переключилась на Мику // сдается мне, как-то связано с экранами
// 120: 6 => 0 (00) => 0 выбежали из кафе

VAR|0x128|1|UNK__128|Unk: 0x128
// 128: 0 => 1 (01) вторая зона по пути на фабрику
// 128: 1 => 0 (00) вплыли в зону с фабрикой
// 128: 0 => 1 (01) бегаем по деревне - палатка Crusaders
// 128: 1 => 0 (00) бегаем по деревне
// 128: 0 => 1 (01) проснулись утром перед отплытием
// 128: 1 => 0 (00) утро, вышли из Crusaders Lodge, сценка
// 128: 0 => 1 (01) вошли в Luca - Number 4 Dock

VAR|0x129|389

// 12a: 0 => 1 (01) меню терминала обучения
// 12a: 1 => 2 (02) меню терминала обучения в Theater



// 22d: 0 => 1 (01) убили первых Dingo и Condor в обучении на Бисайде
// 22d: 1 => 3 (03) убили первого Water Flan в обучении на Бисайде
// 22d: 3 => 7 (07) убили Zu в обучении
// 22d: 7 => 15 (0F) убили второго Garuda в обучении
// 22d: 15 => 31 (1F) победили следующую битву с Dingo, Condor и Water Flan

// 22e: 0 => 1 (01) вторая зона от пляжа, Вакка зовет направо
// 22e: 1 => 9 (09) сундук с Phoenix Down в воде Besaid - Valley
// 22e: 9 => 25 (19) сундук с Hi-Potion в воде Besaid - Valley
// 22e: 25 => 57 (39) сундук с Antidote x2 в воде Besaid - Valley
// 22e: 57 => 61 (3D) отказались молиться у путевого камня, дали управление

// 23c: 0 => 1 (01) Besaid - Waterfall Way, обучение, победили следующую битву с Dingo, Condor и Water Flan

VAR|0x2AE|1|null|FLAGS - Highroad1|EBytesBlockType.StoryPoint
// 2ae[0] Maechen догнал, чтобы рассказать про развалины
// 2ae[1] Maechen рассказывает сказку про Crusaders
// 2ae[2] сценка после Рыцарей Чокобо
// 2ae[3] сценка с Калли про the Calm в Highroad - South
// 2ae[45] поболтали с Luzzu и Gatta в Highroad - Central
// 2ae[6] поболтали с Шелиндой в Highroad - Central
// 2ae[7] закончилось обучение Аурону в Highroad - South End



VAR|0x2AF|1|NPC__HIGNROADSOUTHEND|Highroad - South End NPC animation|EBytesBlockType.Timer
// ВИДИМО, ФЛАГИ ВИДИМОСТИ НПС
// 2af: 0 => 4 (04) уходим из Люки 
// 2af: 4 => 2 (02); (UInt16)4 => 2; (UInt32)4 => 2 Maechen догнал, чтобы рассказать про развалины
// 2af: 2 => 18 (12); (UInt16)2 => 18; (UInt32)2 => 18 сценка с Рыцарями Чокобо
// 2af: 18 => 24 (18); (UInt16)18 => 24; (UInt32)18 => 24 Belgemine, первая встреча
// 2af: 24 => 17 (11); (UInt16)24 => 17; (UInt32)24 => 17 Belgemine, первая встреча, согласились на битву
// 2af: 17 => 24 (18); (UInt16)17 => 24; (UInt32)17 => 24 проиграли Ифриту Бельгемины, 
// 2af: 24 => 20 (14); (UInt16)24 => 20; (UInt32)24 => 20 проиграли Ифриту Бельгемины
// 2af: 20 => 24 (18); (UInt16)20 => 24; (UInt32)20 => 24
// 2af: 24 => 18 (12); (UInt16)24 => 18; (UInt32)24 => 18
// 2af: 18 => 24 (18); (UInt16)18 => 24; (UInt32)18 => 24

VAR|0x2B0|49

// 2bc: 0 => 1 (01); (UInt16)0 => 1; (UInt32)0 => 1 сундук с Ice Brand в Highroad - South End
// 2bc: 1 => 65 (41); (UInt16)1 => 65; (UInt32)1 => 65 сундук с Remedy в Highroad - South
// 2bc: 65 => 193 (C1); (UInt16)65 => 193; (UInt32)65 => 193 сундук с 2000 gil в Highroad - Central

// 2bd: 0 => 1 (01); (UInt16)0 => 1; (UInt32)0 => 1 сундук с Eye Drops x2 в Highroad - Central


// 2c7: 0 => 2 (02); (UInt16)0 => 2; (UInt32)0 => 2 Belgemine, первая встреча, согласились на битву

VAR|0x2E1|1|null|ITEMS - Highroad1|EBytesBlockType.StoryPoint
// 2e1[0] Hunter Spear от мужичка в Highroad - South End
// 2e1[1] Antidote x2 от девочки в Highroad - South End
// 2e1[2] Hi-Potion от мужичка в Highroad - South End
// 2e1[3] Soft x3 от мальчика
// 2e1[4] ??? Ring от мужика в форме Kilika Beasts на Highroad - South
// 2e1[5] 600 gil от мужика в Highroad - Central
// 2e1[6] Lv.1 Key Sphere от мужичка в Highroad - Central
// 2e1[7] Antidote x4 от мужика в Highroad - Central

VAR|0x2E2|99
// 2e2: 0 => 2 (02); (UInt16)0 => 2; (UInt32)0 => 2 Hi-Potion от женжины в Highroad - Central
// 2e2: 2 => 3 (03); (UInt16)2 => 3; (UInt32)2 => 3 Ether от мужика в Highroad - Central


// 2e8: 0 => 19 (13) уходим из Люки

// 2f8: 0 => 64 (40) сфера сохранения в Kilika - Inn, сбрасывается в 0 после выхода из сферы диалога
// 2f8: 0 => 1 (01) спасли ребенка
// 2f8: 1 => 33 (21) взяли Red Armlet в Kilika Trials


// 2f9: 0 => 2 (02) сундук с Potion x3 в Kilika - House
// 2f9: 2 => 3 (03) сундук с Ether в Kilika - Tavern после спасения ребенка




// 32c: 0 => 8 (08) диалог с бабкой справа от входа
// 32c: 8 => 40 (28) любой вопрос бабке

// 32d: 0 => 1 (01) поговорили с Crusaders

// 330: 0 => 1 (01) продавщица рассказала, что ее собака что-то нашла
// 330: 1 => 3 (03) забрали у собаки овердрайв Валефора


// 341: 0 => 16 (10) сундук с Phoenix Down в Besaid Village
// 341: 16 => 18 (12) сундук с Hi-Potion в Besaid Village
// 341: 18 => 22 (16) сундук с 400 gil в Besaid Village
// 341: 22 => 30 (1E) сундук с Potion x2 в Besaid Village



ARRAY24|0x345|1|NPC__BESAID__[]|Besaid NPC animation|EBytesBlockType.Timer
// [1][3][5][9][10][14][17][18][19] =1 и не меняются
// во время разговора с Crusaders все стали =100, [9][10] - начали двигаться
// после разговора с Crusaders все ранее не менявшиеся стали =20
// 345: 0 => 1 (01) => 2 (02)
// 346: 0 => 1 (01)
// 347: 0 => 1 (01) => 2 (02) => 3 (03) => 4 (04) => 5 (05) => 7 (07)
// 348: 0 => 1 (01)
// 349: 0 => 1 (01) => 2 (02)
// 34a: 0 => 1 (01)
// 34b: 0 => 1 (01) => 2 (02) => 3 (03)
// 34c: 0 => 1 (01) => 5 (05) => 7 (07)
//      34d: 0 => 2 (02) => 3 (03)
// 34e: 0 => 1 (01)
// 34f: 0 => 1 (01)
// 350: 0 => 1 (01) => 2 (02) => 3 (03) => 4 (04) => 5 (05)
// 351: 0 => 1 (01) => 2 (02) => 3 (03)
// 352: 0 => 1 (01) => 2 (02) => 3 (03) => 4 (04) => 5 (05)
// 353: 0 => 1 (01)
// 354: 0 => 1 (01) => 2 (02) => 3 (03)
// 355: 0 => 1 (01) => 2 (02) => 3 (03) 3 => 4 (04) => 5 (05)
// 356: 0 => 1 (01)
// 357: 0 => 1 (01)
// 358: 0 => 1 (01)
// 359: 0 => 1 (01) => 2 (02) => 3 (03)
// 35a: 0 => 1 (01) => 2 (02) => 3 (03) => 4 (04)
// 35b: 0 => 1 (01) => 2 (02) => 3 (03) => 4 (04) => 5 (05)
// 35c: 0 => 1 (01) => 2 (02) => 3 (03) => 4 (04)

VAR|0x35D|148

// 37f: 0 => 5 (05) купили 5 аудиосфер

// 380: 0 => 1 (01) купили 1 видеосферу

// 38a: 0 => 5 (05) купили 5 аудиосфер
// 38b: 0 => 1 (01) купили 1 видеосферу

// 38c: 0 => 1 (01) O'aka продает оружие в Luca - Number 1 Dock

// 38e: 0 => 1 (01) диалог сохранения после встречи Мики и Сеймура в Люке

// 38f: 0 => 1 (01) диалог сохранения после Сеймура и Анимы

// 391: 0 => 1 (01) сценка со свистящей Юной перед выходом из Луки

// 393: 0 => 1 (01) прибежали за Ауроном в Luca - Main Gate

// 394: 0 => 2 (02) дали управление в Luca - Square
// 394: 2 => 10 (0A) поболтали с Luzzu и Gatta
// 394: 10 => 26 (1A) победили первый пак Worker x2 в Number 2 Dock
// 394: 26 => 58 (3A) победили второй пак Worker x2 в Number 3 Dock
// 394: 58 => 122 (7A) победили третий пак Worker x2 в Number 4 Dock

// 395: 0 => 8 (08) вышли первый раз в Luca Stadium - Main Gate
// 395: 8 => 9 (09) после просмотра на экране `поддавков` Вакки
// 395: 9 => 11 (0B) вышли из раздевалки после спасения Юны
// 395: 11 => 15 (0F) приняли в охрану Аурона и Тидуса


// 396: 0 => 32 (20) сундук с Hi-Potion x2 в Stadium - Basement B
// 396: 32 => 160 (A0) сундук с Magic Sphere в Luca - Number 5 Dock
// 396: 160 => 176 (B0) сундук с HP Sphere в Luca - Number 5 Dock
// 396: 176 => 178 (B2) сундук с Phoenix Down x2 в Luca - Number 2 Dock
// 396: 178 => 182 (B6) сундук с 600 gil в Luca - Number 1 Dock
// 396: 182 => 190 (BE) сундук с Tidal Spear в Luca - Number 1 Dock
// 396: 190 => 254 (FE) сундук с 1000 gil в Luca - City Limits


// 3ac: 0 => 1 (01) взяли сухой букет
// 3ad: 0 => 1 (01) взяли кремень
// 3ae: 0 => 1 (01) осмотрели остывший костер

// 3af: 0 => 1 (01) не выпускают из доков

// 3b0: 0 => 1 (01) => Luca Number 2 Dock - поболтали с парочкой, меняется при каждом разговоре


// 3b1: 0 => 1 (01) Тидус прыгает в воду после обучения SphereGrid
// 3b2: 0 => 1 (01) дали управление в воде после обучения SphereGrid
// 3b2: 1 => 0 (00) вылезли обратно
// 3b2: 1 => 0 (00) на корабле (Рикку есть принесла)
// 3b3: 0 => 1 (01) попробовали прочитать надпись Аль-Бедов в ЗатопленныхРуинах

// 3bb: 0 => 1 (01) сундук с 200gil в ЗатопленныхРуинах
// 3bb: 1 => 3 (03) сундук с Potion x2 в ЗатопленныхРуинах
// 3bb: 3 => 131 (83) сундук с Hi-Potion в ПодводныйЧертог
// 3bb: 131 => 195 (C3) сундук с X-Potion в Ruins - Hall 
// 3bb: 131 => 135 (87) сундук с Ether в Stairs
// 3bb: 135 => 143 (8F) сундук с Hi-Potion на балконе Hall

// 3bc: 0 => 1 (01) закончилось обучение SphereGrid

// 3bd: 0 => 1 (01) один из Аль-Бедов на кораблике дает Potion x3
// 3bd: 1 => 0 (00) вторая зона по пути на фабрику

// 3ec: 0 => 1 (01) дали управление после сценуи в начале Kilika Woods
// 3ec: 1 => 17 (11) поболтали с Crusaders 2 раза при первой встрече
// 3ec: 17 => 49 (31) поболтали с Crusaders 2 раза при первой встрече, дали Remedy
// 3ec: 49 => 177 (B1) Hi-Potion от Крузадерши при второй встечи
// 3ec: 177 => 181 (B5) диалог с Luzzu и Gatta


// 3ed: 0 => 8 (08) сундук с Mana Sphere x2 в Kilika Woods
// 3ed: 8 => 24 (18) сундук со Scout в Kilika Woods
// 3ed: 24 => 25 (19) поболтали второй раз с Крузадершей при второй встрече
// 3ed: 25 => 57 (39) сундук с Luck Sphere в Kilika Woods
// 3ed: 57 => 185 (B9) Elixir от Luzzu


// 3ee: 0 => 1 (01) поболтали с Crusaders 2 раза при первой встрече, дали Remedy
// 3ee: 1 => 3 (03) Hi-Potion от Крузадерши при второй встечи

// 3ef: 0 => 1 (01) убили Piranha (trio) x2, внезапно атакававших в подводной фабрике

VAR|0x3F1|1|null|FLAGS - Besaid1|EBytesBlockType.StoryPoint
// 3f1[0] вышли на пляж для посадки на S.S. Likki
// 3f1[1] вышли на пляж для посадки на S.S. Likki
// 3f1[2] вышли на пляж для посадки на S.S. Likki
// 3f1[3] Moon Crest
// 3f1[4] сундук с Antidote x2 на пляже Бисайда
// 3f1[5] Datto дал Hi-Potion
// 3f1[6] Jassu дал Potion x3
// 3f1[7] Botta дал Potion x2

VAR|0x3F2|1|null|ITEMS - Besaid2|EBytesBlockType.StoryPoint
// 3f2: 0 => 1 (01) Keepa дал 200 gil
// 3f2: 1 => 17 (11) Ether от мужичка в зеленой майке
// 3f2: 17 => 25 (19) Phoenix Down x3 от женщины в коричневом
// 3f2: 25 => 29 (1D) Seeker's Ring от монаха
// 3f2: 29 => 61 (3D) 400 gil от парня в красных шортах
// 3f2: 61 => 63 (3F) Remedy от ребенка в фиолетовых шортах

VAR|0x3F3|58

// 42c[0] 0 => 1 (01) Тидус подписывает мяч мальчишкам, вводим имя 
// 42c[1] 0 => 2 (02) Тидус подписывает мяч девченкам, вводим имя

VAR|0x42D|1|null|FLAGS - S.S. Likki|EBytesBlockType.StoryPoint
// 42d[0] сценка отплытия S.S. Likki
// 42d[1] спустились в трюм, сценка с O'aka
// 42d[2] сценка в моторной S.S. Likki
// 42d[3] сценка с Юной на палубе S.S. Likki
// 42d[4] первый диалог с Ваккой на S.S. Likki
// 42d[5] очередной диалог с Ваккой
// 42d[6] диалог с мужиками перед Юной
// 42d[7] S.S. Likki диалог с Юной перед нападением Сина

VAR|0x42E|62

// 42e: 0 => 2 (02) сундук с Remedy в S.S. Likki - Cabin
// 42e: 2 => 10 (0A) дали 1100 монет O'aka
// 42e: 10 => 11 (0B) спускаемся в корабля в Килике

// 42f: 0 => 1 (01) дали управление в S.S. Winno - Cabin
// 42f: 1 => 3 (03) сценка с Юной и толпой на S.S. Winno
// 42f: 3 => 7 (07) диалог с Юной на S.S. Winno
// 42f: 7 => 23 (17) первое подслушивание Лулу и Вакку на S.S. Winno
// 42f: 23 => 55 (37) второе подслушивание Лулу и Вакку на S.S. Winno
// 42f: 55 => 119 (77) третье подслушивание Лулу и Вакку на S.S. Winno
// 42f: 119 => 247 (F7) четвертое подслушивание Лулу и Вакку на S.S. Winno



// 430: 0 => 64 (40) сундук с Hi-Potion в S.S. Winno - Cabin
// 430: 64 => 80 (50) Вакка шлет спать на S.S. Winno
// 430: 64 => 80 (50) Лулу не хочет разговаривать на S.S. Winno
// 430: 80 => 82 (52) сценка с мячом на S.S. Winno
// 430: 82 => 90 (5A) сделали Jecht Shot на S.S. Winno
// 430: 90 => 94 (5E) диалог с Юной после Jecht Shot 
// 430: 82 => 86 (56) НЕ сделали Jecht Shot на S.S. Winno


// 435: 0 => 1 (01) диалог с O'aka на S.S. Winno
// 435: 1 => 3 (03) O'aka теперь продает предметы

// 439: 0 => 1 (01) отказались посмотреть в бинокль на палубе S.S. Likki
// 439: 1 => 0 (00) согласились посмотреть в бинокль на палубе S.S. Likki
// 439: 0 => 1 (01) второе подслушивание Лулу и Вакку на S.S. Winno
// 439: 1 => 2 (02) третье подслушивание Лулу и Вакку на S.S. Winno
// 439: 2 => 3 (03) четвертое подслушивание Лулу и Вакку на S.S. Winno
// 439: 3 => 4 (04) сбегали сохраниться и снова вышли на палубу

VAR|0x46C|2|BLITZBALL__EntrySaveSphereROOM|SaveSphereROOM to return after blitzball|EBytesBlockType.Flag
// 46c: 0 => 95 (5F) зашли в Блицбол из сферы сохранения в Highroad - South End (ROOM 95)
// 46c: 95 => 123 (7B) зашли в Блицбол из сферы сохранения в Luca - Main Gate (ROOM 123)

VAR|0x46E|18

// 478: 1 => 2 (02) выиграли Attack Reels
// 478: 2 => 3 (03) => 2 при Reset Data в Блицболле

VAR|0x480|1|null|Menu [Blitzball Move Mode]|EBytesBlockType.Settings
// 480: 1 => 0 (00) блицбол, mode auto
// 480: 0 => 1 (01) блицбол, manual mode A
// 480: 0 => 2 (02) блицбол, manual mode B

VAR|0x481|15

VAR|0x490|1|null|Menu [Blitzball Tutorial]|EBytesBlockType.Cursor
// 1 Moving
// 8 Stats
// 9 Techcopy

VAR|0x491|1947

// 62c: 0 => 1 (01) - курсор в меню выбора саундтрека { 0 - новый саунтрек, 1 - оригинальный }

VAR|0xC2C|2|GENERAL__StoryProgress|Story Progress|EBytesBlockType.StoryPoint
// 2 3 начало dream Zanarkand
// 4 подписали мячи, нам пора
// 5 репортер рассказывает о Джекте
// 6 мульт блицбол
// 7 после мульта
// 8 Аурон пошел вперед
// 9 мост
// 10 Тидус оглядывается и Багамутик
// 13 первая битва
// 14 началась сценка перед 3-й битвой
// 15 3-я битва
// 16 победили третью битву
// 17 следующая зона после сферы сохранения
// 18 падают Sinscales
// 19 свалили танкер
// 20 Тидус прыгает
// 30 ЗатопленныеРуины
// 42 дали управление
// 44 упали в озеро к Geosgaeno
// 46 драка с Geosgaeno
// 48 сценка убегания от Geosgaeno
// 50 в пещере
// 52 дали управление, что-бы разжечь костер
// 54 разожгли костер
// 55 сценка с Ауроном
// 58 сценка после побития Klikk
// 60 на кораблике у Аль-Бедов
// 66 дали управление
// 67 Рикку учит SphereGrid
// 68 Тидус прыгает в воду
// 70 дали управление
// 74 вплыли в зону с фабрикой
// 76 Тидус открыл дверь
// 84 выплыли из фабрики, сценка с зажиганием прожекторов
// 90 плывет кораблик
// 100 дали управление
// 110 Тидуса смыло в море
// 111 предложение сохраниться
// 113 сценка у Бисайда
// 116 дали управление
// 118 поболтали с Ваккой у выхода с пляжа
// 119 Вакка зовет направо
// 124 126 128 сценки перед деревней Besaid
// 130 поговорили с Ваккой о Crusaders
// 134 дали управление в деревне Бисайд
// 136 первая сценка в храме
// 140 диалог в зраме у статуи Браски
// 152 сон в палатке Вакки
// 154 проснулись в палатке Вакки
// 162 после диалога перед Святилищем, Besaid - Trials
// 164 опустились на лифте
// 170 вернулись в Храм, снова сценка
// 172 дали управление
// 180 сценка ночью
// 182 дали управление
// 184 дали управление после диалога с Юной
// 190 сон
// 192 I hate you!
// 194 видюшка с ссорой Лулу и Ваккой
// 196 разговор с Ваккой
// 200 проснулись утром
// 210 дали управление
// 214 дали управление после сценки в Promontory
// 216 дали управление после драки с Кимари
// 217 убили Zu Valefor'ом в обучении
// 218 вышли на пляжа
// 220 сценка отплытия S.S. Likki
// 224 226 сценка с баловством ТИдуса на палубе
// 228 дали управление
// 240 сценка с Юной на палубе S.S. Likki
// 242 очередной диалог с Ваккой
// 244 246 S.S. Likki диалог с Юной перед нападением Сина
// 248 Син нападает
// 260 бой с чешуйками и плавником
// 272 побили Сина
// 280 Вакка вылечил Тидуса
// 285 побили Sinspawn Echuilles
// 287 после разрушения Килики
// 290 292 мультик на карте
// 294 дали управление
// 300 проснулись после мульта с отсылкой
// 302 дали управление
// 304 Datto (?) передал, что Тидуса ждут
// 308 поболтали с Ваккой
// 311 вошли в Kilika Woods
// 312 дали управление после сценки в начале Kilika Woods
// 315 победили бой с Ragora, в котором Kimahri учили Lancet
// 322 гонка по лестнице
// 326 дали управление после битвы с SinspawnGeneaux
// 328 после диалога с Ваккой выше по лестнице
// 330 дали управление после сценки с Luca Goers
// 333 в храме
// 335 после очередного диалога
// 338 Тидуса не пустили в святилище
// 340 дали управление внизу в Kilika - Lift
// 344 ждем Юну в Kilika 
// 346 поболтали с Ваккой
// 348 Юна вышла
// 350 вышли к толпе
// 352 закончились воспоминания Тидуса 
// 360 вышли обратно в лес
// 370 мульт с картой после погрузки на S.S. Winno
// 372 Тидус в трюме
// 380 первое подслушивание Лулу и Вакку
// 385 сценка с мячом
// 387 390 The Jecht Shot Challenge
// 395 Jecht Shot
// 400  сценка на S.S. Winno после Jecht Shot
// 402 диалог сохранения
// 404 выгрузка Kilika Beasts
// 405 выгрузка Besaid Aurochs
// 406 выгрузка Luca Goers
// 417 Тидус `выступил` -)
// 425 дали управление
// 427 встреча Мики
// 430 Blitzball Tutorial
// 435 диалог с Юной в раздевалке
// 440 дали управление
// 450 поболтали с Al-Bhed Psyches
// 455 дали управление после сценки со свистом
// 484 Мика объявляет начало турнира
// 486 мульт наполнения стадиона
// 488 снова в кафе
// 490 выбежали из кафе
// 492 дали управление
// 500 Вакка поддается
// 502 врываемся в доки за Юной
// 508 Вакка играет
// 512 Вакка выиграл
// 514 дали управление
// 518 вышли из раздевалки
// 520 525 527 сценки в раздевалке
// 530 535 на стадионе
// 540 сценка между периодами
// 560 второй периодами
// 562 Тидус забил гол
// 565 570 575 Зрители требуют Вакку
// 582 выиграли
// 583 диалог сохранения
// 588 побили всех Sahagin Chief
// 600 мультик Аурона
// 610 Сеймур всех спас
// 615 болтовня об Аниме
// 616 наезд на Аурона
// 617 дали управление
// 630 приняли в охрану Аурона и Тидуса
// 730 уходим из Люки
// 734 дали управление в Highroad - South End
// 750 сценка в Highroad - Agency, Front
// 755 проснулись, дали управление

VAR|0xC2E|18

// c3c: 0 => 1 (01) диалог O'aka насчет вложить денег на S.S. Likki




VAR|0xC40|4|BATTLE__UNKc40|c40|EBytesBlockType.Flag // вроде как количество живых вражин в бою
// c40: 0 => 1 (01) битва в первыми Сахагинами
// c40: 1 => 0 (00) убили второго Сахагина, третий бежит от Geosgaeno
// c40: 0 => 1 (01) победили первого Piranha x1
// c40: 1 => 0 (00) Рикку убила Piranha (single) во втором бою
// c40: 0 => 1 (01) Тидус убил Piranha (paired) во втором бою
// c40: 0 => 1 (01) осталась 1 Piranha
// c40: 1 => 2 (02) осталась 2 Piranha
// c40: 1 => 0 (00) осталась 1 Piranha в очередном бою...
// c40: 0 => 1 (01) осталось 3 Piranha из 4
// c40: 1 => 2 (02) осталось 1 Piranha из 4
// c40: 1 => 2 (02) осталось 1 Condor из Condor+Dingo
// c40: 0 => 2 (02) Тидус убил Condor с overkill

VAR|0xC44|4|BATTLE__UNKc44|c44|EBytesBlockType.Flag
// c44: 0 => 1 (01) убили первых Piranha в воде под обрывом в Besaid
// c44: 1 => 0 (00) убили вторых Piranha в воде под обрывом в Besaid
// c44: 0 => 1 (01) убили третьих Piranha в воде под обрывом в Besaid
// c44: 1 => 0 (00) убили четвертых Piranha в воде под обрывом в Besaid
// c44: 1 => 0 (00) 

VAR|0xC48|24

// c5c: 0 => 1 (01) выиграли сюжетный матч в Блицбол
VAR|0xC60|4|QUEST__OakasLend|O`aka lended

VAR|0xC64|40

// c68: 0 => 1 (01) сделали Jecht Shot на S.S. Winno
// c69: 0 => 1 (01); (UInt16)0 => 1; (UInt32)0 => 1 Belgemine, первая встреча


// c75: 0 => 1 (01) выиграли 1 турнир


// c76: 0 => 1 (01) закрыли подсказку по сферам сохранений 1
// c76: 1 => 3 (03) закрыли подсказку по сферам сохранений 2

VAR|0xC8C|1|QUEST__AlBhedPrimersRead|Count of Al Bhed Primers read
// c8c: 0 => 1 (01) Al-Bhed Primer vol.I, ранг Аль-Беда - Hujela
// c8c: 1 => 2 (02) Al-Bhed Primer vol.II
// c8c: 2 => 3 (03) Al-Bhed Primer vol.III
// c8c: 3 => 4 (03) Al-Bhed Primer vol.IV Al Bhed Pakehhan
// c8c: 4 => 5 (05) Al-Bhed Primer vol.V
// c8c: 4 => 5 (05) Al-Bhed Primer vol.VI
// c8c: 6 => 7 (07) Al-Bhed Primer vol.VII Al Bhed Typpman

// c8c: 0 => 20 (14) ранг Аль-Беда - Имедим

VAR|0xC8D|7

VAR|0xC94|2|LASTSaveSphereLv2UsedROOM|LAST used SaveSphere Lv.2 ROOM|EBytesBlockType.Flag
// c94: 0 => 95 (5F) обучение Сфер сохранений уровень 2 (ROOM 95)
// c94: 95 => 123 (7B) диалог сферы в Luca - Main Gate (ROOM 123)

VAR|0xC96|2

VAR|0xC98|1|LASTSaveSphereLv2UsedENTER3|LAST used SaveSphere Lv.2 Entry|EBytesBlockType.Flag
// c98: 0 => 2 (02) обучение Сфер сохранений уровень 2, Highroad - South End (AreaEnter3 2)
// c98: 2 => 7 (07) диалог сферы в Luca - Main Gate (AreaEnter3 7)

VAR|0xC99|15

// c9c: 0 => 1 (01) Rod of Wisdom в Besaid Chamber of Faith
// c9c: 1 => 3 (03) взяли Red Armlet в Kilika Trials


VAR|0xCA8|1|BATTLE__UNKca8
// ca8: 0 => 2 (02) убили второго Сахагина, третий бежит от Geosgaeno
// ca8: 0 => 2 (02) Tros отплыл подальше
// ca8: 2 => 4 (04) Tros подплыл из-за спин и атаковал
// ca8: 4 => 3 (03) Tros опять отплыл
// ca8: 3 => 1 (01) Тидус использовал команду Pincer Attack
// ca8: 1 => 0 (00) убили Tros


VAR|0xCA9|229

// cae: 0 => 1 (01) Вакка дал меч Тидусу, сценка выхода из деревни
// cae: 1 => 3 (03) убили Zu в обучении


// cb0: 0 => 22 (16) отдохнули в Crusaders Lodge


// `listen to my story`
// cb4: 0 => 6 (06)
// cb5: 0 => 6 (06)
// cb6: 0 => 6 (06)
// cb7: 0 => 6 (06)
// cb8: 0 => 6 (06)
// cb9: 0 => 6 (06)


// cc6: 0 => 1 (01) обучение сферам Аль-Бедов

// cc8: 1 => 0 (00) новая игра

// d17[7] 16 => 144 (90) сменили Юну на Тидуса
// d17[6] 144 => 208 (D0) Вакку на Тидуса
// d17[7] 0 => 128 (80) сменили Вакку на Тидуса
// d17[2] 128 => 132 (84) ???
// d17: 132 => 140 (8C) Тидус убил YellowElement

// d18[2] 0 => 4 (04) сменили Тидуса на Юну
// d18[1] 4 => 6 (06) сменили Юну на Лулу
// d18[4] 6 => 22 (16) после боя, который Вакка закончил мертвым
// d18[8] 22 => 30 (1E) после боя, в котором Тидус убил всех врагов
// d18[0] 6 => 7 (07) первый бой с Dinonix+Yellow Element+Killer Bee в Kilika Woods

// d19: 0 => 4 (04) воскресили Вакку

// d1a: 0 => 32 (20) ничем не примечательная битва с Dinonix+YelloElement

// d1b: 0 => 32 (20) воскресили Лулу
// d1b: 32 => 160 (A0); (UInt16)32 => 160; (UInt32)524320 => 524448 // обычная битва с Raldo+WhiteElement+FloatingEye
// d1b: 160 => 176 (B0); (UInt16)160 => 176; (UInt32)524448 => 524464 воскресили Вакку

// d1c: 1 => 3 (03); (UInt16)2049 => 2051; (UInt32)67585 => 67587 DualHorn ходит первым (или Лулу пожелтела)
// d1c: 0 => 1 (01); (UInt16)2048 => 2049; (UInt32)2048 => 2049 Тидус что-то ляпнул в начале боя
// d1c: 1 => 5 (05); (UInt16)2049 => 2053; (UInt32)2049 => 2053 еще что-то
// d1c: 5 => 37 (25); (UInt16)2053 => 2085; (UInt32)2053 => 2085 и еще что-то


// d1d: 0 => 8 (08); (UInt16)0 => 8; (UInt32)0 => 8 заменили Лулу на Вакку
// d1d: 8 => 10 (0A); (UInt16)16392 => 16394; (UInt32)16392 => 16394 Вакка что-то ляпнул в начале боя
// d1d: 10 => 138 (8A); (UInt16)16394 => 16522; (UInt32)16394 => 16522 Юна: `go` при замене
// d1d: 136 => 138 (8A); (UInt16)136 => 138; (UInt32)136 => 138 кто-то что-то

// d1e: 0 => 1 (01); (UInt16)0 => 1; (UInt32)0 => 1 Tidus выучил режим Slayer, НЕТ, просто очередная реплика

// d2b: 0 => 32 (20); (UInt16)0 => 32; (UInt32)0 => 32 Юна: `please, figth for us`
// d2b: 0 => 64 (40); (UInt16)0 => 64; (UInt32)0 => 64 Юна: `help us`


// d33: 0 => 32 (20) победили Condor+Water Flan в Besaid - Waterfall Way, после всех обучений, каковы шансы на пометку, что убили всех мобов Besaid по 1шт?
// d33: 32 => 36 (24) Лулу ударила Fire на WaterFlan
// d33: 32 => 36 (24) Лулу ударила Fire по YellowElement

// d34: 0 => 8 (08) Лулу ударила Water на WaterFlan
// d34: 1 => 9 (09) Лулу ударила Water на YellowElement
// d34: 8 => 9 (09) Лулу ударила Blizzard на WaterFlan
// d34: 0 => 1 (01) Лулу ударила Blizzard по YellowElement

// d35: 0 => 32 (20); (UInt16)0 => 32; (UInt32)0 => 32 Auron первый раз использовал Power Break на DualHorn

// d3b: 0 => 8 (08) победили первый пак Worker x2 в Number 2 Dock
// d3b: 8 => 24 (18) победили второй пак Worker x2 в Number 3 Dock
// d3b: 24 => 56 (38) победили третий пак Worker x2 в Number 4 Dock




// d8f: 0 => 2 (02) первая битва, очередная новая игра
// d8f: 2 => 0 (00) Piranha в воде под обрывом в Besaid
// d8f: 2 => 0 (00) Zu, обучение переключению персонажей

// d8f: 0 => 2 (02) первая битва с Worker в Number 2 Dock
// d90: 0 => 2 (02) первая битва с Worker в Number 2 Dock
// d91: 0 => 2 (02) первая битва с Worker в Number 2 Dock
// d93: 0 => 2 (02) первая битва с Worker в Number 2 Dock
// d94: 0 => 2 (02) первая битва с Worker в Number 2 Dock
// d94: 2 => 0 (00) Аурон бьет Vouivre
// d94: 0 => 2 (02) толпой бьем Garuda
// d95: 0 => 2 (02) первая битва с Worker в Number 2 Dock

// убили третьего моба, побежали дальше
// d96: 0 => 31 (1F) => 63 (3F) => 127 (7F) => 255 (FF) // заполняются биты 01234, 5, 6, 7
// d9c: 0 => 31 (1F) // заполняются биты 01234
// d97: 0 => 1 (01) => 3 (03) // заполняются биты 0, 1
// d97: 3 => 127 (7F) прорубились сквозь вторую битву // заполняются биты 23456

// da0: 0 => 4 (04) прорубились сквозь вторую битву
// da0: 4 => 0 (00) прорубились сквозь вторую битву

VAR|0xD8E|16|UNK__d8e
// d8f: 2 => 0 (00); (UInt16)514 => 0; (UInt32)131586 => 0 обучение Аурону на Highroad - South End // отключены комманды окромя Attack
// d90: 2 => 0 (00); (UInt16)514 => 0; (UInt32)33554946 => 0 обучение Аурону на Highroad - South End // отключены комманды окромя Attack
// d91: 2 => 0 (00); (UInt16)2 => 0; (UInt32)33685506 => 0 обучение Аурону на Highroad - South End // отключены комманды окромя Attack
// d93: 2 => 0 (00); (UInt16)514 => 0; (UInt32)4278321666 => 4278190080 обучение Аурону на Highroad - South End // отключены комманды окромя Attack
// d94: 2 => 0 (00); (UInt16)514 => 0; (UInt32)2147418626 => 2147418112 обучение Аурону на Highroad - South End // отключены комманды окромя Attack
// d95: 2 => 0 (00); (UInt16)65282 => 65280; (UInt32)8388354 => 8388352 обучение Аурону на Highroad - South End // отключены комманды окромя Attack

VAR|0xD9E|1166

ARRAY60|0x122C|4|BLITZBALL__Player[]__AbilityMask1|Blitzball: players techs: 1st page
ARRAY60|0x131C|4|BLITZBALL__Player[]__AbilityMask2|Blitzball: players techs: 2nd page
ARRAY16|0x140C|4|BLITZBALLMATCH__MEMBER[]__AbilityMask1|Blitzball Match: players techs: 1st page 
ARRAY16|0x144C|4|BLITZBALLMATCH__MEMBER[]__AbilityMask2|Blitzball Match: players techs: 2nd page 
ARRAY6|0x148C|1|BLITZBALLLeague__Team[]__GoalsBalance|Blitzball League: goals scored minus missed // i.e. Luca: +0-2=-2 Luca - Besaid 0-2; Kilika +6-2=4 Kilika - Al Bhed 6-2
ARRAY60*5|0x1492|1|BLITZBALL__Player[]__EquippedTechs[]|Blitzball: Equipped Techs (5 for each player)
ARRAY60|0x15BE|1|BLITZBALL__Player[]__AvailableTechsNum|Blitzball: Availble Techs Counts
ARRAY60|0x15FA|1|BLITZBALL__Player[]__Level|Blitzball: Players Levels
ARRAY16|0x1636|1|BLITZBALLMATCH__MEMBER[]__Exp|Blitzball Match: Experience 
ARRAY6*8|0x1646|1|BLITZBALL__TEAM[]__Members[]|Blitzball: Teams Members

VAR|0x1676|8

ARRAY2|0x167E|1|BLITZBALLMATCH__GOALS[]|Blitzball Match: goals

VAR|0x1680|1
// 1680: 1 => 0 (00) выиграли
// 1680: 0 => 1 (01) сдались
// 1680: 1 => 0 (00) ушли из блицбола
// 1680: 0 => 1 (01) закончился период
// 1680: 1 => 0 (00) меню


ARRAY16|0x1681|1|BLITZBALLMATCH__MEMBER[]__Mark|Blitzball Match: Marks 
VAR|0x1691|1|BLITZBALLMATCH__OpponentTeam|Blitzball: Opponent team|EBytesBlockType.Cursor //BLITZBALL__LeagueStatus
VAR|0x1692|6|BLITZBALL__LeagueMatchups
// 1692: 0 => 1 (01) --┐
// 1693: 0 => 3 (03) --┘
// 1694: 0 => 4 (04) --┐
// 1695: 0           --┘
// 1696: 0 => 2 (02) --┐
// 1697: 0 => 5 (05) --┘
VAR|0x1698|6|BLITZBALL__TournamentMatchups
// 1698: 0 => 2 (02) -----┐--┐ Al Bhed Psyches
// 1699: 0 => 1 (01) --┐--┘  | Kilika Beasts
// 169a  0?          --┘     | Luca Goers
// 169b: 0 => 4 (04) -----┐--┘ Guado Glories
// 169c: 0 => 5 (05) --┐--┘    Besaid Aurochs
// 169d: 0 => 3 (03) --┘       Ronso Fangs

ARRAY2|0x169E|1|BLITZBALLTournament__WinnersInRound1__[]|Blitzball: Tournament Winners
ARRAY2|0x16A0|1|BLITZBALLTournament__WinnersInRound2__[]|Blitzball: Tournament Winners
ARRAY2|0x16A2|1|BLITZBALLTournament__TeamsFor3rdPlace__[]|Blitzball: Tournament Winners
VAR|0x16A4|1|BLITZBALLTournament__3rdPlace|Blitzball: Tournament Winners
VAR|0x16A5|1|BLITZBALLTournament__Winner|Blitzball: Tournament Winners
ARRAY6|0x16A6|1|BLITZBALLLeague__Team[]__Wins|Blitzball League: teams wins
ARRAY6|0x16AC|1|BLITZBALLLeague__Team[]__Losses|Blitzball League: teams losses
VAR|0x16B2|1|BLITZBALL__ROUND|Blitzball: Round
ARRAY3|0x16B3|2|BLITZBALL__ROUNDPAIRS[]|Blitzball: Current round pairs

VAR|0x16B9|1|UNK__16b9
// 16b9: 0 => 1 (01) starting game vs Ronso Fangs, первая игра турнира
// 16b9: 1 => 0 (00) starting game vs Al Bhed Psyches, 3-й раунд турнира
// 16b9: 0 => 2 (02) starting game vs Al Bhed Psyches, 1-й раунд лиги
// 16b9: 2 => 1 (01) starting game vs Ronso Fangs, вторая игра лиги

VAR|0x16BA|1|null|Menu [Blitzball]: selected option|EBytesBlockType.Cursor
ARRAY6*6|0x16BB|1|BLITZBALLLeague__GridTeam[]Opponent[]|Blitzball League: Grid
VAR|0x16DF|1|BLITZBALL__TournamentState
// 16df: 0 => 1 (01)
// 16df: 1 => 2 (02) товарищеский матч с Luca Goers
// 16df: 2 => 3 (03) товарищеский матч с Kilika Beasts
// 16df: 4 => 20 (14) выбрали Tournament {Index = 0x14, Name = "Round 1"},
// 16df: 20 => 21 (15) выиграли 1-й матч {Index = 0x15, Name = "Round 2"},
// 16df: 21 => 22 (16) выиграли 2-й матч {Index = 0x16, Name = "Round 3"}
// 16df: 1 => 2 (02) лига, раунд 2 
// 16df: 3 => 4 (04) лига, раунд 2, 2-й период 
// 16df: 4 => 5 (05) выставочный матч, Ronso
// 16df: 7 => 0 (00) лига, раунд 3, Guado
// 16df: 0 => 1 (01) лига, раунд 3, Guado, 2-й период
// 16df: 1 => 2 (02) лига, раунд 4, Luca, 1-й период

VAR|0x16E0|1
// 16e0: 0 => 2 (02) сдались

VAR|0x16E1|1|BLITZBALL__TotalGoalCount|Blitzball Match: Total Goals
ARRAY100|0x16E2|1|BLITZBALL__GoalScorers[]|Blitzball Match: goals scorers

VAR|0x1746|16|UNK__1746
// 1746: 0 => 1 (01) Tournament Kilika vs Luca, Besaid vs Ronso
// 1746: 1 => 0 (00) победили Kilika и Besaid
// 1746: 0 => 2 (02) 3-й раунд, Al Bhed vs Besaid, Kilika vs Guado

// 1747: 0 => 1 (01) Tournament Kilika vs Luca, Besaid vs Ronso
// 1747: 1 => 3 (03) Round 2, Al Bhed vs Kilika, Guado vs Besaid

// 1748: 0 => 2 (02) Tournament Kilika vs Luca, Besaid vs Ronso
// 1748: 2 => 3 (03) Round 2, Al Bhed vs Kilika, Guado vs Besaid

// 1749: 0 => 3 (03) Round 2, Al Bhed vs Kilika, Guado vs Besaid

// 174a: 0 => 2 (02) Tournament Kilika vs Luca, Besaid vs Ronso
// 174a: 2 => 3 (03) 3-й раунд, Al Bhed vs Besaid, Kilika vs Guado

// 174b: 0 => 1 (01) Tournament Kilika vs Luca, Besaid vs Ronso
// 174b: 1 => 0 (00) победили Kilika и Besaid
// 174b: 0 => 2 (02) 3-й раунд, Al Bhed vs Besaid, Kilika vs Guado

// 174c: 0 => 1 (01) Tournament Kilika vs Luca, Besaid vs Ronso

// 174d: 0 => 1 (01) Round 2, Al Bhed vs Kilika, Guado vs Besaid

// 174e: 0 => 1 (01) Round 2, Al Bhed vs Kilika, Guado vs Besaid

// 174f: 0 => 1 (01) 3-й раунд, Al Bhed vs Besaid, Kilika vs Guado
// 1751: 0 => 1 (01) 3-й раунд, Al Bhed vs Besaid, Kilika vs Guado
// 1752: 0 => 1 (01) 3-й раунд, Al Bhed vs Besaid, Kilika vs Guado

// 1754: 0 => 1 (01) starting game vs Ronso Fangs, первая игра турнира
// 1754: 1 => 0 (00) starting game vs Guado Glories, вторая игра турнира

// 1755: 4 => 5 (05) 5 wins = team level 2
// 1755: 5 => 4 (04) Reset Data

ARRAY60|0x1756|1|BLITZBALL__Player[]__Contract|Blitzball: Players Contracts
VAR|0x1792|2|BLITZBALL__TotalWins|Blitzball: Total wins // 5 = team level 2 // 10 = team level 3, scout level = 2
ARRAY60|0x1794|2|BLITZBALL__Player[]__Experience|Blitzball: Players Experience
ARRAY100|0x180C|2|BLITZBALLMATCH__GoalTimes[]|Blitzball Match: goals time
ARRAY60|0x18D4|2|BLITZBALL__Player[]__LeagueScore|Blitzball League: Scoring
ARRAY60|0x194C|2|BLITZBALL__Player[]__TournamentScore|Blitzball Tournament: Scoring
ARRAY60|0x19C4|2|BLITZBALL__Player[]__Salary|Blitzball: Players Salary
ARRAY3|0x1A3C|2|BLITZBALL__LeaguePrizes[]|Blitzball: Prizes
ARRAY3|0x1A42|2|BLITZBALL__TournamentPrizes[]|Blitzball: Prizes
VAR|0x1A48|2|BLITZBALL__LeaguePrizes#3|Blitzball: Prizes
VAR|0x1A4A|2|BLITZBALL__TournamentPrizes#3|Blitzball: Prizes

VAR|0x1A4C|2016

ARRAY856|0x222C|&FFXSPHEREGRIDNODE.map|SG__Node[]|Sphere Grid: Nodes

VAR|0x28DC|848
// 28dc: 0 => 41 (29) выбрали стандартную сетку сфер

VAR|0x2C2C|880|SG__PassedLinksMask|SG: link passed mask

VAR|0x2F9C|400

ARRAY7|0x312C|2|SG__CHAR[]__CURRENTNODE|SG: char[] current node

VAR|0x313A|3090
// 3144: 1 => 0 (00) после очистки ноды на сетке...
// 3144: 0 => 1 (01) Вакка перешел и активировал ACC+2

// 3145: 2 => 0 (00) Рикку перешла на 1 шаг




VAR|0x3D4C|2|null|Settings
// 3d4c[0] ?
// 3d4c[1] settings: cursor { 0 = default, 1 = memory }
// 3d4c[2] ?
// 3d4c[3] ?
// 3d4c[4] settings: vibration { 0 = off, 1 = on }
// 3d4c[5] settings: names { 0 = off, 1 = on }
// 3d4c[6] settings: map { 0 = off, 1 = on }
// 3d4c[7] ?
// 3d4d[0] ?
// 3d4d[1] settings: subtitles { 0 = off, 1 = on }
// 3d4d[2] settings: help { 0 = off, 1 = on }
// 3d4d[3] settings: aeons { 0 = short, 1 = default }
// 3d4d[4] ?
// 3d4d[5] ?
// 3d4d[6] 47 => 111 (6F) выбрали стандартную сетку сфер
// 3d4d[7] 47 => 175 (AF) новая игра

VAR|0x3D4E|6

// 3d50: 0 => 1 (01) Al-Bhed Primer vol.I
// 3d50: 1 => 3 (03) Al-Bhed Primer vol.II
// 3d50: 3 => 7 (07) Al-Bhed Primer vol.III
// 3d50: 7 => 15 (0F) Al-Bhed Primer vol.IV
// 3d50: 15 => 31 (1F) Al-Bhed Primer vol.V
// 3d50: 31 => 63 (3F) Al-Bhed Primer vol.VI
// 3d50: 63 => 127 (7F) Al-Bhed Primer vol.VII


VAR|0x3D54|4|GENERAL__BattleCount|Battle counter

VAR|0x3D58|48

VAR|0x3D88|4|GENERAL__Gil|Gil

VAR|0x3D8C|12 // 0x3D8C - 0x3F0B

ARRAY8|0x3D98|1|PARTY__MEMBER[]|Party members // почему 8?

VAR|0x3DA0|76

// 3dac: 33 => 35 (23) Тидус получил второй лимит за 10 первых лимитов

// 3dad: 1 => 5 (05) Kimahri выучил Seed Cannon
// 3dad: 5 => 7 (07) Fire Breath
// 3dad: 7 => 15 (0F) Self-Destruct

// 3dae: 16 => 48 (30) выиграли Attack Reels

// 3db9: 216 => 248 (F8) получили Energy Blast

VAR|0x3DEC|4|CHAR__Tidus__OverdriveCounter|Swordplay counter

VAR|0x3DF0|284
// 3df0: 0 => 1 (01) Рикку первый раз украла - Grenade
// 3df0: 1 => 2 (02) Рикку второй раз украла - Hi-Potion
// 3df0: 2 => 3 (03) Рикку третий раз украла - Grenade
// при воровстве Kimarhi - не меняется


ARRAY112|0x3F0C|2|ITEMSLOT[]__Idx|Items Indices
VAR|0x3FEC|288 // EMPTY (FF 00) - continuation until 256 items
ARRAY112|0x410C|1|ITEMSLOT[]__Qty|Items Counts
VAR|0x417C|144 // EMPTY (00) - continuation until 256 items 
VAR|0x420C|14|ITEMS__1stTimeIncMask|Items 1st time increase qty mask
VAR|0x421A|18 // EMPTY (00) - continuation until 32bytes
VAR|0x422C|14|ITEMS__1stTimeDecMask|Items 1st time decrease qty mask
VAR|0x423A|18 // EMPTY (00) - continuation until 32bytes
ARRAY139|0x424C|1|MONSTERARENA__Captured[]|Monster Arena: Captured
            
VAR|0x42D7|373

VAR|0x444C|64|CREATURES__EncounterMask|Seen monsters mask
VAR|0x448C|64|CREATURES__KillMask|Killed monsters mask

VAR|0x44CC|16
// 44cc - ?? // KEY ITEMS
// 44cc: 0 => 1 (01) взяли сухой букет
// 44cc: 1 => 3 (03) взяли кремень в пещере с костром
// 44cc: 3 => 19 (13) Al-Bhed Primer vol.I
// 44cc: 19 => 51 (33) Al-Bhed Primer vol.II
// 44cc: 51 => 115 (73) Al-Bhed Primer vol.III
// 44cc: 115 => 243 (F3) Al-Bhed Primer vol.IV

// 44cd: 0 => 1 (01) Al-Bhed Primer vol.V
// 44cd: 1 => 3 (03) Al-Bhed Primer vol.VI
// 44cd: 3 => 7 (07) Al-Bhed Primer vol.VII

// 44d0: 0 => 32 (20) Moon Crest

ARRAY178|0x44DC|&FFXEQUIPMENTINFO.map|EQUIPMENT[]|Equipment

VAR|0x5428|484

ARRAY18|0x560C|&FFXCHARACTERINFO.map|CHAR[]|CHAR [[]] data
ARRAY18|0x6074|44|CHAR[]__USEDCOMMANDS|CHAR [[]] used COMMANDS // 1st time used actions
ARRAY18|0x638C|&FFXNAMEINFO.map|CHAR[]__NAME|Names [[]]

VAR|0x64F4|0 // 1036
